Archive member included to satisfy reference by file (symbol)

/usr/lib/gcc/arm-none-eabi/10.3.1/thumb/v6-m/nofp/libgcc.a(_dvmd_tls.o)
                              CMakeFiles/touchscreen.dir/home/rmh6127/pico/pico-sdk/src/rp2_common/pico_divider/divider_hardware.S.o (__aeabi_idiv0)
/usr/lib/gcc/arm-none-eabi/10.3.1/../../../arm-none-eabi/lib/thumb/v6-m/nofp/libg.a(lib_a-atexit.o)
                              /usr/lib/gcc/arm-none-eabi/10.3.1/../../../arm-none-eabi/lib/thumb/v6-m/nofp/crt0.o (atexit)
/usr/lib/gcc/arm-none-eabi/10.3.1/../../../arm-none-eabi/lib/thumb/v6-m/nofp/libg.a(lib_a-calloc.o)
                              CMakeFiles/touchscreen.dir/home/rmh6127/pico/pico-sdk/src/rp2_common/pico_malloc/malloc.c.o (calloc)
/usr/lib/gcc/arm-none-eabi/10.3.1/../../../arm-none-eabi/lib/thumb/v6-m/nofp/libg.a(lib_a-callocr.o)
                              /usr/lib/gcc/arm-none-eabi/10.3.1/../../../arm-none-eabi/lib/thumb/v6-m/nofp/libg.a(lib_a-calloc.o) (_calloc_r)
/usr/lib/gcc/arm-none-eabi/10.3.1/../../../arm-none-eabi/lib/thumb/v6-m/nofp/libg.a(lib_a-fini.o)
                              /usr/lib/gcc/arm-none-eabi/10.3.1/../../../arm-none-eabi/lib/thumb/v6-m/nofp/crt0.o (__libc_fini_array)
/usr/lib/gcc/arm-none-eabi/10.3.1/../../../arm-none-eabi/lib/thumb/v6-m/nofp/libg.a(lib_a-impure.o)
                              /usr/lib/gcc/arm-none-eabi/10.3.1/../../../arm-none-eabi/lib/thumb/v6-m/nofp/libg.a(lib_a-calloc.o) (_impure_ptr)
/usr/lib/gcc/arm-none-eabi/10.3.1/../../../arm-none-eabi/lib/thumb/v6-m/nofp/libg.a(lib_a-init.o)
                              /usr/lib/gcc/arm-none-eabi/10.3.1/../../../arm-none-eabi/lib/thumb/v6-m/nofp/crt0.o (__libc_init_array)
/usr/lib/gcc/arm-none-eabi/10.3.1/../../../arm-none-eabi/lib/thumb/v6-m/nofp/libg.a(lib_a-lcltime_r.o)
                              CMakeFiles/touchscreen.dir/home/rmh6127/pico/pico-sdk/src/common/pico_util/datetime.c.o (localtime_r)
/usr/lib/gcc/arm-none-eabi/10.3.1/../../../arm-none-eabi/lib/thumb/v6-m/nofp/libg.a(lib_a-malloc.o)
                              CMakeFiles/touchscreen.dir/home/rmh6127/pico/pico-sdk/src/rp2_common/pico_malloc/malloc.c.o (malloc)
/usr/lib/gcc/arm-none-eabi/10.3.1/../../../arm-none-eabi/lib/thumb/v6-m/nofp/libg.a(lib_a-mallocr.o)
                              /usr/lib/gcc/arm-none-eabi/10.3.1/../../../arm-none-eabi/lib/thumb/v6-m/nofp/libg.a(lib_a-callocr.o) (_malloc_r)
/usr/lib/gcc/arm-none-eabi/10.3.1/../../../arm-none-eabi/lib/thumb/v6-m/nofp/libg.a(lib_a-memcmp.o)
                              CMakeFiles/touchscreen.dir/home/rmh6127/pico/pico-sdk/src/rp2_common/pico_atomic/atomic.c.o (memcmp)
/usr/lib/gcc/arm-none-eabi/10.3.1/../../../arm-none-eabi/lib/thumb/v6-m/nofp/libg.a(lib_a-mktime.o)
                              CMakeFiles/touchscreen.dir/home/rmh6127/pico/pico-sdk/src/common/pico_util/datetime.c.o (mktime)
/usr/lib/gcc/arm-none-eabi/10.3.1/../../../arm-none-eabi/lib/thumb/v6-m/nofp/libg.a(lib_a-mlock.o)
                              /usr/lib/gcc/arm-none-eabi/10.3.1/../../../arm-none-eabi/lib/thumb/v6-m/nofp/libg.a(lib_a-mallocr.o) (__malloc_lock)
/usr/lib/gcc/arm-none-eabi/10.3.1/../../../arm-none-eabi/lib/thumb/v6-m/nofp/libg.a(lib_a-month_lengths.o)
                              /usr/lib/gcc/arm-none-eabi/10.3.1/../../../arm-none-eabi/lib/thumb/v6-m/nofp/libg.a(lib_a-lcltime_r.o) (__month_lengths)
/usr/lib/gcc/arm-none-eabi/10.3.1/../../../arm-none-eabi/lib/thumb/v6-m/nofp/libg.a(lib_a-realloc.o)
                              CMakeFiles/touchscreen.dir/home/rmh6127/pico/pico-sdk/src/rp2_common/pico_malloc/malloc.c.o (realloc)
/usr/lib/gcc/arm-none-eabi/10.3.1/../../../arm-none-eabi/lib/thumb/v6-m/nofp/libg.a(lib_a-reallocr.o)
                              /usr/lib/gcc/arm-none-eabi/10.3.1/../../../arm-none-eabi/lib/thumb/v6-m/nofp/libg.a(lib_a-realloc.o) (_realloc_r)
/usr/lib/gcc/arm-none-eabi/10.3.1/../../../arm-none-eabi/lib/thumb/v6-m/nofp/libg.a(lib_a-sbrkr.o)
                              /usr/lib/gcc/arm-none-eabi/10.3.1/../../../arm-none-eabi/lib/thumb/v6-m/nofp/libg.a(lib_a-mallocr.o) (_sbrk_r)
/usr/lib/gcc/arm-none-eabi/10.3.1/../../../arm-none-eabi/lib/thumb/v6-m/nofp/libg.a(lib_a-strlen-stub.o)
                              CMakeFiles/touchscreen.dir/home/rmh6127/pico/pico-sdk/src/rp2_common/pico_stdio/stdio.c.o (strlen)
/usr/lib/gcc/arm-none-eabi/10.3.1/../../../arm-none-eabi/lib/thumb/v6-m/nofp/libg.a(lib_a-tzcalc_limits.o)
                              /usr/lib/gcc/arm-none-eabi/10.3.1/../../../arm-none-eabi/lib/thumb/v6-m/nofp/libg.a(lib_a-lcltime_r.o) (__tzcalc_limits)
/usr/lib/gcc/arm-none-eabi/10.3.1/../../../arm-none-eabi/lib/thumb/v6-m/nofp/libg.a(lib_a-tzlock.o)
                              /usr/lib/gcc/arm-none-eabi/10.3.1/../../../arm-none-eabi/lib/thumb/v6-m/nofp/libg.a(lib_a-lcltime_r.o) (__tz_lock)
/usr/lib/gcc/arm-none-eabi/10.3.1/../../../arm-none-eabi/lib/thumb/v6-m/nofp/libg.a(lib_a-tzset.o)
[...]
Memory Configuration

Name             Origin             Length             Attributes
FLASH            0x0000000010000000 0x0000000000200000 xr
RAM              0x0000000020000000 0x0000000000040000 xrw
SCRATCH_X        0x0000000020040000 0x0000000000001000 xrw
SCRATCH_Y        0x0000000020041000 0x0000000000001000 xrw
*default*        0x0000000000000000 0xffffffffffffffff

Linker script and memory map

LOAD /usr/lib/gcc/arm-none-eabi/10.3.1/thumb/v6-m/nofp/crti.o
LOAD /usr/lib/gcc/arm-none-eabi/10.3.1/thumb/v6-m/nofp/crtbegin.o
LOAD /usr/lib/gcc/arm-none-eabi/10.3.1/../../../arm-none-eabi/lib/thumb/v6-m/nofp/crt0.o

.flash_begin    0x0000000010000000        0x0
                0x0000000010000000                __flash_binary_start = .

.boot2          0x0000000010000000      0x100
                0x0000000010000000                __boot2_start__ = .
 *(.boot2)
 .boot2         0x0000000010000000      0x100 pico-sdk/src/rp2040/boot_stage2/CMakeFiles/bs2_default_library.dir/bs2_default_padded_checksummed.S.o
                0x0000000010000100                __boot2_end__ = .
                0x0000000000000001                ASSERT (((__boot2_end__ - __boot2_start__) == 0x100), ERROR: Pico second stage bootloader must be 256 bytes in size)

.text           0x0000000010000100     0x6c44
                0x0000000010000100                __logical_binary_start = .
 *(.vectors)
 .vectors       0x0000000010000100       0xd4 CMakeFiles/touchscreen.dir/home/rmh6127/pico/pico-sdk/src/rp2_common/pico_crt0/crt0.S.o
                0x0000000010000100                __vectors
                0x0000000010000100                __VECTOR_TABLE
                0x00000000100001c0                isr_invalid
                0x00000000100001c0                __default_isrs_start
                0x00000000100001c2                isr_nmi
                0x00000000100001c4                isr_hardfault
                0x00000000100001c6                isr_svcall
                0x00000000100001c8                isr_pendsv
                0x00000000100001ca                isr_systick
                0x00000000100001cc                isr_irq30
                0x00000000100001cc                __unhandled_user_irq
                0x00000000100001cc                isr_irq13
                0x00000000100001cc                isr_irq27
                0x00000000100001cc                isr_irq31
                0x00000000100001cc                isr_irq5
                0x00000000100001cc                isr_irq11
                0x00000000100001cc                isr_irq23
                0x00000000100001cc                isr_irq18
                0x00000000100001cc                isr_irq28
                0x00000000100001cc                isr_irq19
                0x00000000100001cc                isr_irq0
                0x00000000100001cc                isr_irq6
                0x00000000100001cc                isr_irq22
                0x00000000100001cc                isr_irq17
                0x00000000100001cc                isr_irq14
                0x00000000100001cc                isr_irq2
                0x00000000100001cc                isr_irq10
                0x00000000100001cc                isr_irq8
                0x00000000100001cc                isr_irq24
                0x00000000100001cc                isr_irq1
                0x00000000100001cc                isr_irq7
                0x00000000100001cc                isr_irq21
                0x00000000100001cc                isr_irq20
                0x00000000100001cc                isr_irq15
                0x00000000100001cc                isr_irq25
                0x00000000100001cc                isr_irq4
                0x00000000100001cc                isr_irq16
                0x00000000100001cc                isr_irq29
                0x00000000100001cc                isr_irq26
                0x00000000100001cc                __default_isrs_end
                0x00000000100001cc                isr_irq3
                0x00000000100001cc                isr_irq12
                0x00000000100001cc                isr_irq9
                0x00000000100001d2                unhandled_user_irq_num_in_r0
 *(.binary_info_header)
 .binary_info_header
                0x00000000100001d4       0x14 CMakeFiles/touchscreen.dir/home/rmh6127/pico/pico-sdk/src/rp2_common/pico_crt0/crt0.S.o
                0x00000000100001e8                __binary_info_header_end = .
 *(.embedded_block)
                0x00000000100001e8                __embedded_block_end = .
 *(.reset)
 .reset         0x00000000100001e8       0x9c CMakeFiles/touchscreen.dir/home/rmh6127/pico/pico-sdk/src/rp2_common/pico_crt0/crt0.S.o
                0x00000000100001e8                _entry_point
 *(.init)
 .init          0x0000000010000284        0x4 /usr/lib/gcc/arm-none-eabi/10.3.1/thumb/v6-m/nofp/crti.o
                0x0000000010000284                _init
 *(EXCLUDE_FILE(*libm.a: *libc.a:*lib_a-mem*.o *libgcc.a:) .text*)
 .text          0x0000000010000288       0x98 /usr/lib/gcc/arm-none-eabi/10.3.1/thumb/v6-m/nofp/crtbegin.o
 .text.init_tsc2007
                0x0000000010000320       0x5c CMakeFiles/touchscreen.dir/main.c.o
                0x0000000010000320                init_tsc2007
 .text.startup.main
                0x000000001000037c      0x124 CMakeFiles/touchscreen.dir/main.c.o
                0x000000001000037c                main
 .text.gpio_set_function
                0x00000000100004a0       0x34 CMakeFiles/touchscreen.dir/home/rmh6127/pico/pico-sdk/src/rp2_common/hardware_gpio/gpio.c.o
                0x00000000100004a0                gpio_set_function
 .text.gpio_set_pulls
                0x00000000100004d4       0x34 CMakeFiles/touchscreen.dir/home/rmh6127/pico/pico-sdk/src/rp2_common/hardware_gpio/gpio.c.o
                0x00000000100004d4                gpio_set_pulls
 .text.gpio_init
                0x0000000010000508       0x40 CMakeFiles/touchscreen.dir/home/rmh6127/pico/pico-sdk/src/rp2_common/hardware_gpio/gpio.c.o
                0x0000000010000508                gpio_init
 .text.rp2040_chip_version
                0x0000000010000548        0xc CMakeFiles/touchscreen.dir/home/rmh6127/pico/pico-sdk/src/rp2040/pico_platform/platform.c.o
                0x0000000010000548                rp2040_chip_version
 .text.panic    0x0000000010000554       0x30 CMakeFiles/touchscreen.dir/home/rmh6127/pico/pico-sdk/src/rp2_common/pico_platform_panic/panic.c.o
                0x0000000010000554                panic
 .text.hw_claim_or_assert
                0x0000000010000584       0x44 CMakeFiles/touchscreen.dir/home/rmh6127/pico/pico-sdk/src/common/hardware_claim/claim.c.o
                0x0000000010000584                hw_claim_or_assert
 .text.hw_claim_unused_from_range
                0x00000000100005c8       0x9c CMakeFiles/touchscreen.dir/home/rmh6127/pico/pico-sdk/src/common/hardware_claim/claim.c.o
                0x00000000100005c8                hw_claim_unused_from_range
 .text.next_striped_spin_lock_num
                0x0000000010000664       0x18 CMakeFiles/touchscreen.dir/home/rmh6127/pico/pico-sdk/src/rp2_common/hardware_sync/sync.c.o
                0x0000000010000664                next_striped_spin_lock_num
 .text.spin_lock_claim_unused
                0x000000001000067c       0x20 CMakeFiles/touchscreen.dir/home/rmh6127/pico/pico-sdk/src/rp2_common/hardware_sync/sync.c.o
                0x000000001000067c                spin_lock_claim_unused
 .text.spin_locks_reset
                0x000000001000069c       0x1c CMakeFiles/touchscreen.dir/home/rmh6127/pico/pico-sdk/src/rp2_common/hardware_sync_spin_lock/sync_spin_lock.c.o
                0x000000001000069c                spin_locks_reset
 .text.runtime_init_per_core_irq_priorities
                0x00000000100006b8       0x24 CMakeFiles/touchscreen.dir/home/rmh6127/pico/pico-sdk/src/rp2_common/hardware_irq/irq.c.o
                0x00000000100006b8                runtime_init_per_core_irq_priorities
 .text.irq_set_enabled
                0x00000000100006dc       0x24 CMakeFiles/touchscreen.dir/home/rmh6127/pico/pico-sdk/src/rp2_common/hardware_irq/irq.c.o
                0x00000000100006dc                irq_set_enabled
 .text.irq_is_enabled
                0x0000000010000700       0x18 CMakeFiles/touchscreen.dir/home/rmh6127/pico/pico-sdk/src/rp2_common/hardware_irq/irq.c.o
                0x0000000010000700                irq_is_enabled
 .text.irq_set_pending
                0x0000000010000718       0x10 CMakeFiles/touchscreen.dir/home/rmh6127/pico/pico-sdk/src/rp2_common/hardware_irq/irq.c.o
                0x0000000010000718                irq_set_pending
 .text.irq_has_shared_handler
                0x0000000010000728       0x2c CMakeFiles/touchscreen.dir/home/rmh6127/pico/pico-sdk/src/rp2_common/hardware_irq/irq.c.o
                0x0000000010000728                irq_has_shared_handler
 .text.irq_set_exclusive_handler
                0x0000000010000754       0x54 CMakeFiles/touchscreen.dir/home/rmh6127/pico/pico-sdk/src/rp2_common/hardware_irq/irq.c.o
                0x0000000010000754                irq_set_exclusive_handler
 .text.irq_add_shared_handler
                0x00000000100007a8      0x1e8 CMakeFiles/touchscreen.dir/home/rmh6127/pico/pico-sdk/src/rp2_common/hardware_irq/irq.c.o
                0x00000000100007a8                irq_add_shared_handler
 .text.irq_add_tail_to_free_list
                0x0000000010000990       0xb4 CMakeFiles/touchscreen.dir/home/rmh6127/pico/pico-sdk/src/rp2_common/hardware_irq/irq.c.o
                0x0000000010000990                irq_add_tail_to_free_list
 .text.user_irq_claim_unused
                0x0000000010000a44       0x28 CMakeFiles/touchscreen.dir/home/rmh6127/pico/pico-sdk/src/rp2_common/hardware_irq/irq.c.o
                0x0000000010000a44                user_irq_claim_unused
 .text.lock_init
                0x0000000010000a6c       0x10 CMakeFiles/touchscreen.dir/home/rmh6127/pico/pico-sdk/src/common/pico_sync/lock_core.c.o
                0x0000000010000a6c                lock_init
 .text.runtime_init_mutex
                0x0000000010000a7c       0x58 CMakeFiles/touchscreen.dir/home/rmh6127/pico/pico-sdk/src/common/pico_sync/mutex.c.o
                0x0000000010000a7c                runtime_init_mutex
 .text.mutex_init
                0x0000000010000ad4       0x1c CMakeFiles/touchscreen.dir/home/rmh6127/pico/pico-sdk/src/common/pico_sync/mutex.c.o
                0x0000000010000ad4                mutex_init
 .text.critical_section_init
                0x0000000010000af0       0x20 CMakeFiles/touchscreen.dir/home/rmh6127/pico/pico-sdk/src/common/pico_sync/critical_section.c.o
                0x0000000010000af0                critical_section_init
 .text.critical_section_init_with_lock_num
                0x0000000010000b10       0x14 CMakeFiles/touchscreen.dir/home/rmh6127/pico/pico-sdk/src/common/pico_sync/critical_section.c.o
                0x0000000010000b10                critical_section_init_with_lock_num
 .text.sleep_until_callback
                0x0000000010000b24       0x30 CMakeFiles/touchscreen.dir/home/rmh6127/pico/pico-sdk/src/common/pico_time/time.c.o
 .text.alarm_pool_irq_handler
                0x0000000010000b54      0x308 CMakeFiles/touchscreen.dir/home/rmh6127/pico/pico-sdk/src/common/pico_time/time.c.o
 .text.runtime_init_default_alarm_pool
                0x0000000010000e5c       0xdc CMakeFiles/touchscreen.dir/home/rmh6127/pico/pico-sdk/src/common/pico_time/time.c.o
                0x0000000010000e5c                runtime_init_default_alarm_pool
 .text.alarm_pool_get_default
                0x0000000010000f38        0x8 CMakeFiles/touchscreen.dir/home/rmh6127/pico/pico-sdk/src/common/pico_time/time.c.o
                0x0000000010000f38                alarm_pool_get_default
 .text.alarm_pool_add_alarm_at
                0x0000000010000f40       0xc8 CMakeFiles/touchscreen.dir/home/rmh6127/pico/pico-sdk/src/common/pico_time/time.c.o
                0x0000000010000f40                alarm_pool_add_alarm_at
 .text.alarm_pool_add_alarm_at_force_in_context
                0x0000000010001008       0xb0 CMakeFiles/touchscreen.dir/home/rmh6127/pico/pico-sdk/src/common/pico_time/time.c.o
                0x0000000010001008                alarm_pool_add_alarm_at_force_in_context
 .text.alarm_pool_cancel_alarm
                0x00000000100010b8       0x7c CMakeFiles/touchscreen.dir/home/rmh6127/pico/pico-sdk/src/common/pico_time/time.c.o
                0x00000000100010b8                alarm_pool_cancel_alarm
 .text.alarm_pool_core_num
                0x0000000010001134        0x4 CMakeFiles/touchscreen.dir/home/rmh6127/pico/pico-sdk/src/common/pico_time/time.c.o
                0x0000000010001134                alarm_pool_core_num
 .text.sleep_until
                0x0000000010001138       0xd0 CMakeFiles/touchscreen.dir/home/rmh6127/pico/pico-sdk/src/common/pico_time/time.c.o
                0x0000000010001138                sleep_until
 .text.sleep_ms
                0x0000000010001208       0x34 CMakeFiles/touchscreen.dir/home/rmh6127/pico/pico-sdk/src/common/pico_time/time.c.o
                0x0000000010001208                sleep_ms
 .text.best_effort_wfe_or_timeout
                0x000000001000123c       0xe0 CMakeFiles/touchscreen.dir/home/rmh6127/pico/pico-sdk/src/common/pico_time/time.c.o
                0x000000001000123c                best_effort_wfe_or_timeout
 .text.timer_hardware_alarm_claim
                0x000000001000131c       0x14 CMakeFiles/touchscreen.dir/home/rmh6127/pico/pico-sdk/src/rp2_common/hardware_timer/timer.c.o
                0x000000001000131c                timer_hardware_alarm_claim
 .text.timer_time_us_64
                0x0000000010001330       0x10 CMakeFiles/touchscreen.dir/home/rmh6127/pico/pico-sdk/src/rp2_common/hardware_timer/timer.c.o
                0x0000000010001330                timer_time_us_64
 .text.time_us_64
                0x0000000010001340       0x14 CMakeFiles/touchscreen.dir/home/rmh6127/pico/pico-sdk/src/rp2_common/hardware_timer/timer.c.o
                0x0000000010001340                time_us_64
 .text.busy_wait_until
                0x0000000010001354       0x20 CMakeFiles/touchscreen.dir/home/rmh6127/pico/pico-sdk/src/rp2_common/hardware_timer/timer.c.o
                0x0000000010001354                busy_wait_until
 .text.clock_configure_int_divider
                0x0000000010001374       0xf4 CMakeFiles/touchscreen.dir/home/rmh6127/pico/pico-sdk/src/rp2_common/hardware_clocks/clocks.c.o
                0x0000000010001374                clock_configure_int_divider
 .text.clock_configure_undivided
                0x0000000010001468       0xe8 CMakeFiles/touchscreen.dir/home/rmh6127/pico/pico-sdk/src/rp2_common/hardware_clocks/clocks.c.o
                0x0000000010001468                clock_configure_undivided
 .text.clock_get_hz
                0x0000000010001550        0xc CMakeFiles/touchscreen.dir/home/rmh6127/pico/pico-sdk/src/rp2_common/hardware_clocks/clocks.c.o
                0x0000000010001550                clock_get_hz
 .text.pll_init
                0x000000001000155c       0xa0 CMakeFiles/touchscreen.dir/home/rmh6127/pico/pico-sdk/src/rp2_common/hardware_pll/pll.c.o
                0x000000001000155c                pll_init
 .text.watchdog_reboot
                0x00000000100015fc       0x98 CMakeFiles/touchscreen.dir/home/rmh6127/pico/pico-sdk/src/rp2_common/hardware_watchdog/watchdog.c.o
                0x00000000100015fc                watchdog_reboot
 .text.tick_start
                0x0000000010001694       0x10 CMakeFiles/touchscreen.dir/home/rmh6127/pico/pico-sdk/src/rp2_common/hardware_ticks/ticks.c.o
                0x0000000010001694                tick_start
 .text.rom_func_lookup
                0x00000000100016a4       0x10 CMakeFiles/touchscreen.dir/home/rmh6127/pico/pico-sdk/src/rp2_common/pico_bootrom/bootrom.c.o
                0x00000000100016a4                rom_func_lookup
 .text.rom_data_lookup
                0x00000000100016b4       0x10 CMakeFiles/touchscreen.dir/home/rmh6127/pico/pico-sdk/src/rp2_common/pico_bootrom/bootrom.c.o
                0x00000000100016b4                rom_data_lookup
 .text.rom_funcs_lookup
                0x00000000100016c4       0x44 CMakeFiles/touchscreen.dir/home/rmh6127/pico/pico-sdk/src/rp2_common/pico_bootrom/bootrom.c.o
                0x00000000100016c4                rom_funcs_lookup
 .text.rom_reset_usb_boot_extra
                0x0000000010001708       0x28 CMakeFiles/touchscreen.dir/home/rmh6127/pico/pico-sdk/src/rp2_common/pico_bootrom/bootrom.c.o
                0x0000000010001708                rom_reset_usb_boot_extra
 .text.xosc_init
                0x0000000010001730       0x28 CMakeFiles/touchscreen.dir/home/rmh6127/pico/pico-sdk/src/rp2_common/hardware_xosc/xosc.c.o
                0x0000000010001730                xosc_init
 .text.first_per_core_initializer
                0x0000000010001758        0x4 CMakeFiles/touchscreen.dir/home/rmh6127/pico/pico-sdk/src/rp2_common/pico_runtime/runtime.c.o
 .text.hard_assertion_failure
                0x000000001000175c        0xc CMakeFiles/touchscreen.dir/home/rmh6127/pico/pico-sdk/src/rp2_common/pico_runtime/runtime.c.o
                0x000000001000175c                hard_assertion_failure
 .text.runtime_run_initializers
                0x0000000010001768       0x28 CMakeFiles/touchscreen.dir/home/rmh6127/pico/pico-sdk/src/rp2_common/pico_runtime/runtime.c.o
                0x0000000010001768                runtime_run_initializers
 .text.runtime_init_early_resets
                0x0000000010001790       0x2c CMakeFiles/touchscreen.dir/home/rmh6127/pico/pico-sdk/src/rp2_common/pico_runtime_init/runtime_init.c.o
                0x0000000010001790                runtime_init_early_resets
 .text.runtime_init_usb_power_down
                0x00000000100017bc       0x1c CMakeFiles/touchscreen.dir/home/rmh6127/pico/pico-sdk/src/rp2_common/pico_runtime_init/runtime_init.c.o
                0x00000000100017bc                runtime_init_usb_power_down
 .text.runtime_init_post_clock_resets
                0x00000000100017d8       0x20 CMakeFiles/touchscreen.dir/home/rmh6127/pico/pico-sdk/src/rp2_common/pico_runtime_init/runtime_init.c.o
                0x00000000100017d8                runtime_init_post_clock_resets
 .text.runtime_init_rp2040_gpio_ie_disable
                0x00000000100017f8       0x14 CMakeFiles/touchscreen.dir/home/rmh6127/pico/pico-sdk/src/rp2_common/pico_runtime_init/runtime_init.c.o
                0x00000000100017f8                runtime_init_rp2040_gpio_ie_disable
 .text.runtime_init_spin_locks_reset
                0x000000001000180c        0x8 CMakeFiles/touchscreen.dir/home/rmh6127/pico/pico-sdk/src/rp2_common/pico_runtime_init/runtime_init.c.o
                0x000000001000180c                runtime_init_spin_locks_reset
 .text.runtime_init_install_ram_vector_table
                0x0000000010001814       0x1c CMakeFiles/touchscreen.dir/home/rmh6127/pico/pico-sdk/src/rp2_common/pico_runtime_init/runtime_init.c.o
                0x0000000010001814                runtime_init_install_ram_vector_table
 .text.runtime_init_clocks
                0x0000000010001830       0xd8 CMakeFiles/touchscreen.dir/home/rmh6127/pico/pico-sdk/src/rp2_common/pico_runtime_init/runtime_init_clocks.c.o
                0x0000000010001830                runtime_init_clocks
 .text          0x0000000010001908       0x10 CMakeFiles/touchscreen.dir/home/rmh6127/pico/pico-sdk/src/rp2_common/pico_bit_ops/bit_ops_aeabi.S.o
 .text.__wrap___aeabi_idiv
                0x0000000010001918       0x50 CMakeFiles/touchscreen.dir/home/rmh6127/pico/pico-sdk/src/rp2_common/pico_divider/divider_hardware.S.o
                0x0000000010001918                __wrap___aeabi_idivmod
                0x0000000010001918                divmod_s32s32
                0x0000000010001918                div_s32s32
                0x0000000010001918                __wrap___aeabi_idiv
                0x0000000010001920                divmod_s32s32_unsafe
                0x000000001000194c                divmod_s32s32_savestate
 .text.__wrap___aeabi_uidiv
                0x0000000010001968       0x4c CMakeFiles/touchscreen.dir/home/rmh6127/pico/pico-sdk/src/rp2_common/pico_divider/divider_hardware.S.o
                0x0000000010001968                __wrap___aeabi_uidiv
                0x0000000010001968                __wrap___aeabi_uidivmod
                0x0000000010001968                div_u32u32
                0x0000000010001968                divmod_u32u32
                0x0000000010001970                divmod_u32u32_unsafe
                0x0000000010001998                divmod_u32u32_savestate
 .text.__wrap___aeabi_ldiv
                0x00000000100019b4      0x424 CMakeFiles/touchscreen.dir/home/rmh6127/pico/pico-sdk/src/rp2_common/pico_divider/divider_hardware.S.o
                0x00000000100019b4                div_s64s64
                0x00000000100019b4                divmod_s64s64
                0x00000000100019b4                __wrap___aeabi_ldivmod
                0x00000000100019e4                div_u64u64
                0x00000000100019e4                divmod_u64u64
                0x00000000100019e4                __wrap___aeabi_uldivmod
                0x00000000100019f4                divmod_u64u64_savestate
                0x0000000010001a14                divmod_s64s64_unsafe
                0x0000000010001a9c                divmod_u64u64_unsafe
 .text.__wrap___aeabi_darithmetic
                0x0000000010001dd8       0x80 CMakeFiles/touchscreen.dir/home/rmh6127/pico/pico-sdk/src/rp2_common/pico_double/double_aeabi_rp2040.S.o
                0x0000000010001dd8                __wrap___aeabi_drsub
                0x0000000010001dde                __wrap___aeabi_dsub
                0x0000000010001df0                __wrap___aeabi_dadd
                0x0000000010001e02                __wrap___aeabi_ddiv
                0x0000000010001e3e                __wrap___aeabi_dmul
 .text.__wrap___aeabi_cdcmple
                0x0000000010001e58       0x6c CMakeFiles/touchscreen.dir/home/rmh6127/pico/pico-sdk/src/rp2_common/pico_double/double_aeabi_rp2040.S.o
                0x0000000010001e58                __wrap___aeabi_cdrcmple
                0x0000000010001e68                __wrap___aeabi_cdcmple
                0x0000000010001e68                __wrap___aeabi_cdcmpeq
 .text.__wrap___aeabi_dcmplt
                0x0000000010001ec4        0xc CMakeFiles/touchscreen.dir/home/rmh6127/pico/pico-sdk/src/rp2_common/pico_double/double_aeabi_rp2040.S.o
                0x0000000010001ec4                __wrap___aeabi_dcmplt
 .text.__wrap___aeabi_dcmple
                0x0000000010001ed0       0x10 CMakeFiles/touchscreen.dir/home/rmh6127/pico/pico-sdk/src/rp2_common/pico_double/double_aeabi_rp2040.S.o
                0x0000000010001ed0                __wrap___aeabi_dcmple
 .text.__wrap___aeabi_dcmpge
                0x0000000010001ee0       0x10 CMakeFiles/touchscreen.dir/home/rmh6127/pico/pico-sdk/src/rp2_common/pico_double/double_aeabi_rp2040.S.o
                0x0000000010001ee0                __wrap___aeabi_dcmpge
 .text.__wrap___aeabi_dcmpgt
                0x0000000010001ef0        0xa CMakeFiles/touchscreen.dir/home/rmh6127/pico/pico-sdk/src/rp2_common/pico_double/double_aeabi_rp2040.S.o
                0x0000000010001ef0                __wrap___aeabi_dcmpgt
 .text.__wrap___aeabi_dcmpun
                0x0000000010001efa       0x18 CMakeFiles/touchscreen.dir/home/rmh6127/pico/pico-sdk/src/rp2_common/pico_double/double_aeabi_rp2040.S.o
                0x0000000010001efa                __wrap___aeabi_dcmpun
 *fill*         0x0000000010001f12        0x2 
 .text.__wrap___aeabi_i2d
                0x0000000010001f14       0x38 CMakeFiles/touchscreen.dir/home/rmh6127/pico/pico-sdk/src/rp2_common/pico_double/double_aeabi_rp2040.S.o
                0x0000000010001f14                __wrap___aeabi_ui2d
                0x0000000010001f1c                __wrap___aeabi_i2d
 .text.__wrap___aeabi_d2iz
                0x0000000010001f4c       0x48 CMakeFiles/touchscreen.dir/home/rmh6127/pico/pico-sdk/src/rp2_common/pico_double/double_aeabi_rp2040.S.o
                0x0000000010001f4c                __wrap___aeabi_d2iz
                0x0000000010001f4c                double2int_z
 .text.__wrap___aeabi_d2uiz
                0x0000000010001f94       0x18 CMakeFiles/touchscreen.dir/home/rmh6127/pico/pico-sdk/src/rp2_common/pico_double/double_aeabi_rp2040.S.o
                0x0000000010001f94                double2uint
                0x0000000010001f94                __wrap___aeabi_d2uiz
 .text.__aeabi_double_init
                0x0000000010001fac       0xa0 CMakeFiles/touchscreen.dir/home/rmh6127/pico/pico-sdk/src/rp2_common/pico_double/double_init_rom_rp2040.c.o
                0x0000000010001fac                __aeabi_double_init
 .text.double_table_shim_on_use_helper
                0x000000001000204c       0x2c CMakeFiles/touchscreen.dir/home/rmh6127/pico/pico-sdk/src/rp2_common/pico_double/double_v1_rom_shim_rp2040.S.o
                0x000000001000204c                double_table_shim_on_use_helper
 .text.__wrap___aeabi_dsub
                0x0000000010002078       0x10 CMakeFiles/touchscreen.dir/home/rmh6127/pico/pico-sdk/src/rp2_common/pico_double/double_v1_rom_shim_rp2040.S.o
                0x0000000010002078                drsub_shim
                0x000000001000207e                dsub_shim
 .text.dadd_shim
                0x0000000010002088      0x15c CMakeFiles/touchscreen.dir/home/rmh6127/pico/pico-sdk/src/rp2_common/pico_double/double_v1_rom_shim_rp2040.S.o
                0x0000000010002088                dadd_shim
 .text.dmul_shim
                0x00000000100021e4      0x15c CMakeFiles/touchscreen.dir/home/rmh6127/pico/pico-sdk/src/rp2_common/pico_double/double_v1_rom_shim_rp2040.S.o
                0x00000000100021e4                dmul_shim
 .text.ddiv_shim
                0x0000000010002340      0x1b0 CMakeFiles/touchscreen.dir/home/rmh6127/pico/pico-sdk/src/rp2_common/pico_double/double_v1_rom_shim_rp2040.S.o
                0x0000000010002340                ddiv_shim
 .text.double2uint_shim
                0x00000000100024f0        0xe CMakeFiles/touchscreen.dir/home/rmh6127/pico/pico-sdk/src/rp2_common/pico_double/double_v1_rom_shim_rp2040.S.o
                0x00000000100024f0                double2uint_shim
                0x00000000100024f2                double2ufix_shim
 *fill*         0x00000000100024fe        0x2 
 .text.double2uint64_shim
                0x0000000010002500       0x70 CMakeFiles/touchscreen.dir/home/rmh6127/pico/pico-sdk/src/rp2_common/pico_double/double_v1_rom_shim_rp2040.S.o
                0x0000000010002500                double2uint64_shim
                0x0000000010002502                double2ufix64_shim
                0x0000000010002522                d2fix_a
 .text.dunpacks
                0x0000000010002570       0x3c CMakeFiles/touchscreen.dir/home/rmh6127/pico/pico-sdk/src/rp2_common/pico_double/double_v1_rom_shim_rp2040.S.o
                0x0000000010002570                dunpacks
 .text.__aeabi_lmul
                0x00000000100025ac       0x32 CMakeFiles/touchscreen.dir/home/rmh6127/pico/pico-sdk/src/rp2_common/pico_int64_ops/pico_int64_ops_aeabi.S.o
                0x00000000100025ac                __wrap___aeabi_lmul
 *fill*         0x00000000100025de        0x2 
 .text.__wrap___aeabi_farithmetic
                0x00000000100025e0       0x48 CMakeFiles/touchscreen.dir/home/rmh6127/pico/pico-sdk/src/rp2_common/pico_float/float_aeabi_rp2040.S.o
                0x00000000100025e0                __wrap___aeabi_frsub
                0x00000000100025e6                __wrap___aeabi_fsub
                0x00000000100025ec                __wrap___aeabi_fadd
                0x00000000100025f2                __wrap___aeabi_fdiv
                0x000000001000261a                __wrap___aeabi_fmul
 .text.__wrap___aeabi_ui2f
                0x0000000010002628        0xa CMakeFiles/touchscreen.dir/home/rmh6127/pico/pico-sdk/src/rp2_common/pico_float/float_aeabi_rp2040.S.o
                0x0000000010002628                uint2float
                0x0000000010002628                __wrap___aeabi_ui2f
 *fill*         0x0000000010002632        0x2 
 .text.__wrap___aeabi_i2f
                0x0000000010002634       0x44 CMakeFiles/touchscreen.dir/home/rmh6127/pico/pico-sdk/src/rp2_common/pico_float/float_aeabi_rp2040.S.o
                0x0000000010002634                int2float
                0x0000000010002634                __wrap___aeabi_i2f
 .text.__wrap___aeabi_f2d
                0x0000000010002678       0x14 CMakeFiles/touchscreen.dir/home/rmh6127/pico/pico-sdk/src/rp2_common/pico_float/float_aeabi_rp2040.S.o
                0x0000000010002678                __wrap___aeabi_f2d
 .text.__aeabi_float_init
                0x000000001000268c       0x64 CMakeFiles/touchscreen.dir/home/rmh6127/pico/pico-sdk/src/rp2_common/pico_float/float_init_rom_rp2040.c.o
                0x000000001000268c                __aeabi_float_init
 .text.float_table_shim_on_use_helper
                0x00000000100026f0       0x2c CMakeFiles/touchscreen.dir/home/rmh6127/pico/pico-sdk/src/rp2_common/pico_float/float_v1_rom_shim_rp2040.S.o
                0x00000000100026f0                float_table_shim_on_use_helper
 .text.float2double_shim
                0x000000001000271c       0x30 CMakeFiles/touchscreen.dir/home/rmh6127/pico/pico-sdk/src/rp2_common/pico_float/float_v1_rom_shim_rp2040.S.o
                0x000000001000271c                float2double_shim
 .text          0x000000001000274c       0x10 CMakeFiles/touchscreen.dir/home/rmh6127/pico/pico-sdk/src/rp2_common/pico_mem_ops/mem_ops_aeabi.S.o
                0x000000001000274c                __aeabi_mem_init
 .text.memset   0x000000001000275c        0xc CMakeFiles/touchscreen.dir/home/rmh6127/pico/pico-sdk/src/rp2_common/pico_mem_ops/mem_ops_aeabi.S.o
                0x000000001000275c                __wrap_memset
 .text.memcpy   0x0000000010002768        0xc CMakeFiles/touchscreen.dir/home/rmh6127/pico/pico-sdk/src/rp2_common/pico_mem_ops/mem_ops_aeabi.S.o
                0x0000000010002768                __wrap___aeabi_memcpy
                0x0000000010002768                __wrap_memcpy
 .text._out_null
                0x0000000010002774        0x4 CMakeFiles/touchscreen.dir/home/rmh6127/pico/pico-sdk/src/rp2_common/pico_printf/printf.c.o
 .text._out_rev
                0x0000000010002778       0x9c CMakeFiles/touchscreen.dir/home/rmh6127/pico/pico-sdk/src/rp2_common/pico_printf/printf.c.o
 .text._ntoa_format
                0x0000000010002814      0x1cc CMakeFiles/touchscreen.dir/home/rmh6127/pico/pico-sdk/src/rp2_common/pico_printf/printf.c.o
 .text._out_char
                0x00000000100029e0       0x10 CMakeFiles/touchscreen.dir/home/rmh6127/pico/pico-sdk/src/rp2_common/pico_printf/printf.c.o
 .text._out_fct
                0x00000000100029f0       0x10 CMakeFiles/touchscreen.dir/home/rmh6127/pico/pico-sdk/src/rp2_common/pico_printf/printf.c.o
 .text._etoa    0x0000000010002a00      0x44c CMakeFiles/touchscreen.dir/home/rmh6127/pico/pico-sdk/src/rp2_common/pico_printf/printf.c.o
 .text._ftoa    0x0000000010002e4c      0x398 CMakeFiles/touchscreen.dir/home/rmh6127/pico/pico-sdk/src/rp2_common/pico_printf/printf.c.o
 .text._vsnprintf
                0x00000000100031e4      0xb04 CMakeFiles/touchscreen.dir/home/rmh6127/pico/pico-sdk/src/rp2_common/pico_printf/printf.c.o
 .text.vfctprintf
                0x0000000010003ce8       0x20 CMakeFiles/touchscreen.dir/home/rmh6127/pico/pico-sdk/src/rp2_common/pico_printf/printf.c.o
                0x0000000010003ce8                vfctprintf
 .text.weak_raw_vprintf
                0x0000000010003d08       0x30 CMakeFiles/touchscreen.dir/home/rmh6127/pico/pico-sdk/src/rp2_common/pico_printf/printf.c.o
                0x0000000010003d08                weak_raw_vprintf
 .text._exit    0x0000000010003d38        0x4 CMakeFiles/touchscreen.dir/home/rmh6127/pico/pico-sdk/src/rp2_common/pico_clib_interface/newlib_interface.c.o
                0x0000000010003d38                _exit
 .text.exit     0x0000000010003d3c        0x8 CMakeFiles/touchscreen.dir/home/rmh6127/pico/pico-sdk/src/rp2_common/pico_clib_interface/newlib_interface.c.o
                0x0000000010003d3c                exit
 .text.runtime_init
                0x0000000010003d44       0x2c CMakeFiles/touchscreen.dir/home/rmh6127/pico/pico-sdk/src/rp2_common/pico_clib_interface/newlib_interface.c.o
                0x0000000010003d44                runtime_init
 .text.stdio_out_chars_no_crlf
                0x0000000010003d70       0x10 CMakeFiles/touchscreen.dir/home/rmh6127/pico/pico-sdk/src/rp2_common/pico_stdio/stdio.c.o
 .text.stdio_out_chars_crlf
                0x0000000010003d80       0xb4 CMakeFiles/touchscreen.dir/home/rmh6127/pico/pico-sdk/src/rp2_common/pico_stdio/stdio.c.o
 .text.stdio_buffered_printer
                0x0000000010003e34       0x64 CMakeFiles/touchscreen.dir/home/rmh6127/pico/pico-sdk/src/rp2_common/pico_stdio/stdio.c.o
 .text.stdio_put_string
                0x0000000010003e98      0x100 CMakeFiles/touchscreen.dir/home/rmh6127/pico/pico-sdk/src/rp2_common/pico_stdio/stdio.c.o
                0x0000000010003e98                stdio_put_string
 .text.stdio_set_driver_enabled
                0x0000000010003f98       0x30 CMakeFiles/touchscreen.dir/home/rmh6127/pico/pico-sdk/src/rp2_common/pico_stdio/stdio.c.o
                0x0000000010003f98                stdio_set_driver_enabled
 .text.stdio_init_all
                0x0000000010003fc8        0x8 CMakeFiles/touchscreen.dir/home/rmh6127/pico/pico-sdk/src/rp2_common/pico_stdio/stdio.c.o
                0x0000000010003fc8                stdio_init_all
 .text.__wrap_putchar
                0x0000000010003fd0       0x98 CMakeFiles/touchscreen.dir/home/rmh6127/pico/pico-sdk/src/rp2_common/pico_stdio/stdio.c.o
                0x0000000010003fd0                stdio_putchar
                0x0000000010003fd0                __wrap_putchar
 .text.__wrap_puts
                0x0000000010004068       0x3c CMakeFiles/touchscreen.dir/home/rmh6127/pico/pico-sdk/src/rp2_common/pico_stdio/stdio.c.o
                0x0000000010004068                __wrap_puts
                0x0000000010004068                stdio_puts
 .text.__wrap_vprintf
                0x00000000100040a4       0xd8 CMakeFiles/touchscreen.dir/home/rmh6127/pico/pico-sdk/src/rp2_common/pico_stdio/stdio.c.o
                0x00000000100040a4                __wrap_vprintf
                0x00000000100040a4                stdio_vprintf
 .text.__wrap_printf
                0x000000001000417c       0x18 CMakeFiles/touchscreen.dir/home/rmh6127/pico/pico-sdk/src/rp2_common/pico_stdio/stdio.c.o
                0x000000001000417c                stdio_printf
                0x000000001000417c                __wrap_printf
 .text.resetd_init
                0x0000000010004194        0x4 CMakeFiles/touchscreen.dir/home/rmh6127/pico/pico-sdk/src/rp2_common/pico_stdio_usb/reset_interface.c.o
 .text.resetd_reset
                0x0000000010004198        0xc CMakeFiles/touchscreen.dir/home/rmh6127/pico/pico-sdk/src/rp2_common/pico_stdio_usb/reset_interface.c.o
 .text.resetd_open
                0x00000000100041a4       0x28 CMakeFiles/touchscreen.dir/home/rmh6127/pico/pico-sdk/src/rp2_common/pico_stdio_usb/reset_interface.c.o
 .text.resetd_xfer_cb
                0x00000000100041cc        0x4 CMakeFiles/touchscreen.dir/home/rmh6127/pico/pico-sdk/src/rp2_common/pico_stdio_usb/reset_interface.c.o
 .text.resetd_control_xfer_cb
                0x00000000100041d0       0x60 CMakeFiles/touchscreen.dir/home/rmh6127/pico/pico-sdk/src/rp2_common/pico_stdio_usb/reset_interface.c.o
 .text.tud_descriptor_bos_cb
                0x0000000010004230        0x8 CMakeFiles/touchscreen.dir/home/rmh6127/pico/pico-sdk/src/rp2_common/pico_stdio_usb/reset_interface.c.o
                0x0000000010004230                tud_descriptor_bos_cb
 .text.tud_vendor_control_xfer_cb
                0x0000000010004238       0x34 CMakeFiles/touchscreen.dir/home/rmh6127/pico/pico-sdk/src/rp2_common/pico_stdio_usb/reset_interface.c.o
                0x0000000010004238                tud_vendor_control_xfer_cb
 .text.usbd_app_driver_get_cb
                0x000000001000426c        0xc CMakeFiles/touchscreen.dir/home/rmh6127/pico/pico-sdk/src/rp2_common/pico_stdio_usb/reset_interface.c.o
                0x000000001000426c                usbd_app_driver_get_cb
 .text.tud_cdc_line_coding_cb
                0x0000000010004278       0x2c CMakeFiles/touchscreen.dir/home/rmh6127/pico/pico-sdk/src/rp2_common/pico_stdio_usb/reset_interface.c.o
                0x0000000010004278                tud_cdc_line_coding_cb
 .text.stdio_usb_set_chars_available_callback
                0x00000000100042a4       0x14 CMakeFiles/touchscreen.dir/home/rmh6127/pico/pico-sdk/src/rp2_common/pico_stdio_usb/stdio_usb.c.o
                0x00000000100042a4                stdio_usb_set_chars_available_callback
 .text.usb_irq  0x00000000100042b8       0x10 CMakeFiles/touchscreen.dir/home/rmh6127/pico/pico-sdk/src/rp2_common/pico_stdio_usb/stdio_usb.c.o
 .text.timer_task
                0x00000000100042c8       0x64 CMakeFiles/touchscreen.dir/home/rmh6127/pico/pico-sdk/src/rp2_common/pico_stdio_usb/stdio_usb.c.o
 .text.stdio_usb_in_chars
                0x000000001000432c       0x90 CMakeFiles/touchscreen.dir/home/rmh6127/pico/pico-sdk/src/rp2_common/pico_stdio_usb/stdio_usb.c.o
                0x000000001000432c                stdio_usb_in_chars
 .text.stdio_usb_out_flush
                0x00000000100043bc       0x50 CMakeFiles/touchscreen.dir/home/rmh6127/pico/pico-sdk/src/rp2_common/pico_stdio_usb/stdio_usb.c.o
 .text.stdio_usb_out_chars
                0x000000001000440c      0x100 CMakeFiles/touchscreen.dir/home/rmh6127/pico/pico-sdk/src/rp2_common/pico_stdio_usb/stdio_usb.c.o
 .text.low_priority_worker_irq
                0x000000001000450c       0xc8 CMakeFiles/touchscreen.dir/home/rmh6127/pico/pico-sdk/src/rp2_common/pico_stdio_usb/stdio_usb.c.o
 .text.stdio_usb_init
                0x00000000100045d4       0xe4 CMakeFiles/touchscreen.dir/home/rmh6127/pico/pico-sdk/src/rp2_common/pico_stdio_usb/stdio_usb.c.o
                0x00000000100045d4                stdio_usb_init
 .text.tud_descriptor_device_cb
                0x00000000100046b8        0x8 CMakeFiles/touchscreen.dir/home/rmh6127/pico/pico-sdk/src/rp2_common/pico_stdio_usb/stdio_usb_descriptors.c.o
                0x00000000100046b8                tud_descriptor_device_cb
 .text.tud_descriptor_configuration_cb
                0x00000000100046c0        0x8 CMakeFiles/touchscreen.dir/home/rmh6127/pico/pico-sdk/src/rp2_common/pico_stdio_usb/stdio_usb_descriptors.c.o
                0x00000000100046c0                tud_descriptor_configuration_cb
 .text.tud_descriptor_string_cb
                0x00000000100046c8       0x74 CMakeFiles/touchscreen.dir/home/rmh6127/pico/pico-sdk/src/rp2_common/pico_stdio_usb/stdio_usb_descriptors.c.o
                0x00000000100046c8                tud_descriptor_string_cb
 .text.startup._retrieve_unique_id_on_boot
                0x000000001000473c       0x10 CMakeFiles/touchscreen.dir/home/rmh6127/pico/pico-sdk/src/rp2_common/pico_unique_id/unique_id.c.o
 .text.pico_get_unique_board_id_string
                0x000000001000474c      0x1a8 CMakeFiles/touchscreen.dir/home/rmh6127/pico/pico-sdk/src/rp2_common/pico_unique_id/unique_id.c.o
                0x000000001000474c                pico_get_unique_board_id_string
 .text.flash_get_unique_id
                0x00000000100048f4       0x40 CMakeFiles/touchscreen.dir/home/rmh6127/pico/pico-sdk/src/rp2_common/hardware_flash/flash.c.o
                0x00000000100048f4                flash_get_unique_id
 .text.dcd_init
                0x0000000010004934       0x8c CMakeFiles/touchscreen.dir/home/rmh6127/pico/pico-sdk/lib/tinyusb/src/portable/raspberrypi/rp2040/dcd_rp2040.c.o
                0x0000000010004934                dcd_init
 .text.dcd_int_enable
                0x00000000100049c0        0xc CMakeFiles/touchscreen.dir/home/rmh6127/pico/pico-sdk/lib/tinyusb/src/portable/raspberrypi/rp2040/dcd_rp2040.c.o
                0x00000000100049c0                dcd_int_enable
 .text.dcd_set_address
                0x00000000100049cc       0x14 CMakeFiles/touchscreen.dir/home/rmh6127/pico/pico-sdk/lib/tinyusb/src/portable/raspberrypi/rp2040/dcd_rp2040.c.o
                0x00000000100049cc                dcd_set_address
 .text.dcd_sof_enable
                0x00000000100049e0       0x1c CMakeFiles/touchscreen.dir/home/rmh6127/pico/pico-sdk/lib/tinyusb/src/portable/raspberrypi/rp2040/dcd_rp2040.c.o
                0x00000000100049e0                dcd_sof_enable
 .text.dcd_edpt0_status_complete
                0x00000000100049fc       0x1c CMakeFiles/touchscreen.dir/home/rmh6127/pico/pico-sdk/lib/tinyusb/src/portable/raspberrypi/rp2040/dcd_rp2040.c.o
                0x00000000100049fc                dcd_edpt0_status_complete
 .text.dcd_edpt_open
                0x0000000010004a18      0x108 CMakeFiles/touchscreen.dir/home/rmh6127/pico/pico-sdk/lib/tinyusb/src/portable/raspberrypi/rp2040/dcd_rp2040.c.o
                0x0000000010004a18                dcd_edpt_open
 .text.dcd_edpt_close_all
                0x0000000010004b20        0x8 CMakeFiles/touchscreen.dir/home/rmh6127/pico/pico-sdk/lib/tinyusb/src/portable/raspberrypi/rp2040/dcd_rp2040.c.o
                0x0000000010004b20                dcd_edpt_close_all
 .text.dcd_edpt_xfer
                0x0000000010004b28       0x24 CMakeFiles/touchscreen.dir/home/rmh6127/pico/pico-sdk/lib/tinyusb/src/portable/raspberrypi/rp2040/dcd_rp2040.c.o
                0x0000000010004b28                dcd_edpt_xfer
 .text.dcd_edpt_stall
                0x0000000010004b4c       0x38 CMakeFiles/touchscreen.dir/home/rmh6127/pico/pico-sdk/lib/tinyusb/src/portable/raspberrypi/rp2040/dcd_rp2040.c.o
                0x0000000010004b4c                dcd_edpt_stall
 .text.dcd_edpt_clear_stall
                0x0000000010004b84       0x30 CMakeFiles/touchscreen.dir/home/rmh6127/pico/pico-sdk/lib/tinyusb/src/portable/raspberrypi/rp2040/dcd_rp2040.c.o
                0x0000000010004b84                dcd_edpt_clear_stall
 .text.rp2040_usb_init
                0x0000000010004bb4       0x40 CMakeFiles/touchscreen.dir/home/rmh6127/pico/pico-sdk/lib/tinyusb/src/portable/raspberrypi/rp2040/rp2040_usb.c.o
                0x0000000010004bb4                rp2040_usb_init
 .text.hw_endpoint_xfer_start
                0x0000000010004bf4       0x50 CMakeFiles/touchscreen.dir/home/rmh6127/pico/pico-sdk/lib/tinyusb/src/portable/raspberrypi/rp2040/rp2040_usb.c.o
                0x0000000010004bf4                hw_endpoint_xfer_start
 .text.tud_event_hook_cb
                0x0000000010004c44        0x4 CMakeFiles/touchscreen.dir/home/rmh6127/pico/pico-sdk/lib/tinyusb/src/device/usbd.c.o
                0x0000000010004c44                tud_event_hook_cb
 .text.tud_sof_cb
                0x0000000010004c48        0x4 CMakeFiles/touchscreen.dir/home/rmh6127/pico/pico-sdk/lib/tinyusb/src/device/usbd.c.o
                0x0000000010004c48                tud_sof_cb
 .text.tud_descriptor_device_qualifier_cb
                0x0000000010004c4c        0x4 CMakeFiles/touchscreen.dir/home/rmh6127/pico/pico-sdk/lib/tinyusb/src/device/usbd.c.o
                0x0000000010004c4c                tud_descriptor_device_qualifier_cb
 .text.tud_descriptor_other_speed_configuration_cb
                0x0000000010004c50        0x4 CMakeFiles/touchscreen.dir/home/rmh6127/pico/pico-sdk/lib/tinyusb/src/device/usbd.c.o
                0x0000000010004c50                tud_descriptor_other_speed_configuration_cb
 .text.tud_mount_cb
                0x0000000010004c54        0x4 CMakeFiles/touchscreen.dir/home/rmh6127/pico/pico-sdk/lib/tinyusb/src/device/usbd.c.o
                0x0000000010004c54                tud_mount_cb
 .text.tud_umount_cb
                0x0000000010004c58        0x4 CMakeFiles/touchscreen.dir/home/rmh6127/pico/pico-sdk/lib/tinyusb/src/device/usbd.c.o
                0x0000000010004c58                tud_umount_cb
 .text.tud_suspend_cb
                0x0000000010004c5c        0x4 CMakeFiles/touchscreen.dir/home/rmh6127/pico/pico-sdk/lib/tinyusb/src/device/usbd.c.o
                0x0000000010004c5c                tud_suspend_cb
 .text.tud_resume_cb
                0x0000000010004c60        0x4 CMakeFiles/touchscreen.dir/home/rmh6127/pico/pico-sdk/lib/tinyusb/src/device/usbd.c.o
                0x0000000010004c60                tud_resume_cb
 .text.tud_mounted
                0x0000000010004c64       0x10 CMakeFiles/touchscreen.dir/home/rmh6127/pico/pico-sdk/lib/tinyusb/src/device/usbd.c.o
                0x0000000010004c64                tud_mounted
 .text.tud_suspended
                0x0000000010004c74       0x10 CMakeFiles/touchscreen.dir/home/rmh6127/pico/pico-sdk/lib/tinyusb/src/device/usbd.c.o
                0x0000000010004c74                tud_suspended
 .text.tud_init
                0x0000000010004c84       0xe4 CMakeFiles/touchscreen.dir/home/rmh6127/pico/pico-sdk/lib/tinyusb/src/device/usbd.c.o
                0x0000000010004c84                tud_init
 .text.tud_task_ext
                0x0000000010004d68      0x800 CMakeFiles/touchscreen.dir/home/rmh6127/pico/pico-sdk/lib/tinyusb/src/device/usbd.c.o
                0x0000000010004d68                tud_task_ext
 .text.usbd_open_edpt_pair
                0x0000000010005568       0x9c CMakeFiles/touchscreen.dir/home/rmh6127/pico/pico-sdk/lib/tinyusb/src/device/usbd.c.o
                0x0000000010005568                usbd_open_edpt_pair
 .text.usbd_edpt_open
                0x0000000010005604       0x34 CMakeFiles/touchscreen.dir/home/rmh6127/pico/pico-sdk/lib/tinyusb/src/device/usbd.c.o
                0x0000000010005604                usbd_edpt_open
 .text.usbd_edpt_claim
                0x0000000010005638       0x28 CMakeFiles/touchscreen.dir/home/rmh6127/pico/pico-sdk/lib/tinyusb/src/device/usbd.c.o
                0x0000000010005638                usbd_edpt_claim
 .text.usbd_edpt_release
                0x0000000010005660       0x28 CMakeFiles/touchscreen.dir/home/rmh6127/pico/pico-sdk/lib/tinyusb/src/device/usbd.c.o
                0x0000000010005660                usbd_edpt_release
 .text.usbd_edpt_xfer
                0x0000000010005688       0x4c CMakeFiles/touchscreen.dir/home/rmh6127/pico/pico-sdk/lib/tinyusb/src/device/usbd.c.o
                0x0000000010005688                usbd_edpt_xfer
 .text.tud_control_status
                0x00000000100056d4       0x30 CMakeFiles/touchscreen.dir/home/rmh6127/pico/pico-sdk/lib/tinyusb/src/device/usbd_control.c.o
                0x00000000100056d4                tud_control_status
 .text.tud_control_xfer
                0x0000000010005704       0xbc CMakeFiles/touchscreen.dir/home/rmh6127/pico/pico-sdk/lib/tinyusb/src/device/usbd_control.c.o
                0x0000000010005704                tud_control_xfer
 .text.usbd_control_reset
                0x00000000100057c0       0x14 CMakeFiles/touchscreen.dir/home/rmh6127/pico/pico-sdk/lib/tinyusb/src/device/usbd_control.c.o
                0x00000000100057c0                usbd_control_reset
 .text.usbd_control_set_complete_callback
                0x00000000100057d4        0xc CMakeFiles/touchscreen.dir/home/rmh6127/pico/pico-sdk/lib/tinyusb/src/device/usbd_control.c.o
                0x00000000100057d4                usbd_control_set_complete_callback
 .text.usbd_control_set_request
                0x00000000100057e0       0x1c CMakeFiles/touchscreen.dir/home/rmh6127/pico/pico-sdk/lib/tinyusb/src/device/usbd_control.c.o
                0x00000000100057e0                usbd_control_set_request
 .text.usbd_control_xfer_cb
                0x00000000100057fc       0xf0 CMakeFiles/touchscreen.dir/home/rmh6127/pico/pico-sdk/lib/tinyusb/src/device/usbd_control.c.o
                0x00000000100057fc                usbd_control_xfer_cb
 .text._prep_out_transaction.isra.0
                0x00000000100058ec       0x5c CMakeFiles/touchscreen.dir/home/rmh6127/pico/pico-sdk/lib/tinyusb/src/class/cdc/cdc_device.c.o
 .text.tud_cdc_n_connected
                0x0000000010005948       0x30 CMakeFiles/touchscreen.dir/home/rmh6127/pico/pico-sdk/lib/tinyusb/src/class/cdc/cdc_device.c.o
                0x0000000010005948                tud_cdc_n_connected
 .text.tud_cdc_n_available
                0x0000000010005978       0x18 CMakeFiles/touchscreen.dir/home/rmh6127/pico/pico-sdk/lib/tinyusb/src/class/cdc/cdc_device.c.o
                0x0000000010005978                tud_cdc_n_available
 .text.tud_cdc_n_read
                0x0000000010005990       0x98 CMakeFiles/touchscreen.dir/home/rmh6127/pico/pico-sdk/lib/tinyusb/src/class/cdc/cdc_device.c.o
                0x0000000010005990                tud_cdc_n_read
 .text.tud_cdc_n_write_flush
                0x0000000010005a28       0x78 CMakeFiles/touchscreen.dir/home/rmh6127/pico/pico-sdk/lib/tinyusb/src/class/cdc/cdc_device.c.o
                0x0000000010005a28                tud_cdc_n_write_flush
 .text.tud_cdc_n_write
                0x0000000010005aa0       0x44 CMakeFiles/touchscreen.dir/home/rmh6127/pico/pico-sdk/lib/tinyusb/src/class/cdc/cdc_device.c.o
                0x0000000010005aa0                tud_cdc_n_write
 .text.tud_cdc_n_write_available
                0x0000000010005ae4       0x18 CMakeFiles/touchscreen.dir/home/rmh6127/pico/pico-sdk/lib/tinyusb/src/class/cdc/cdc_device.c.o
                0x0000000010005ae4                tud_cdc_n_write_available
 .text.cdcd_init
                0x0000000010005afc       0x7c CMakeFiles/touchscreen.dir/home/rmh6127/pico/pico-sdk/lib/tinyusb/src/class/cdc/cdc_device.c.o
                0x0000000010005afc                cdcd_init
 .text.cdcd_deinit
                0x0000000010005b78       0x24 CMakeFiles/touchscreen.dir/home/rmh6127/pico/pico-sdk/lib/tinyusb/src/class/cdc/cdc_device.c.o
                0x0000000010005b78                cdcd_deinit
 .text.cdcd_reset
                0x0000000010005b9c       0x4c CMakeFiles/touchscreen.dir/home/rmh6127/pico/pico-sdk/lib/tinyusb/src/class/cdc/cdc_device.c.o
                0x0000000010005b9c                cdcd_reset
 .text.cdcd_open
                0x0000000010005be8       0xb4 CMakeFiles/touchscreen.dir/home/rmh6127/pico/pico-sdk/lib/tinyusb/src/class/cdc/cdc_device.c.o
                0x0000000010005be8                cdcd_open
 .text.cdcd_control_xfer_cb
                0x0000000010005c9c       0xe4 CMakeFiles/touchscreen.dir/home/rmh6127/pico/pico-sdk/lib/tinyusb/src/class/cdc/cdc_device.c.o
                0x0000000010005c9c                cdcd_control_xfer_cb
 .text.cdcd_xfer_cb
                0x0000000010005d80       0xfc CMakeFiles/touchscreen.dir/home/rmh6127/pico/pico-sdk/lib/tinyusb/src/class/cdc/cdc_device.c.o
                0x0000000010005d80                cdcd_xfer_cb
 .text.vendord_init
                0x0000000010005e7c       0x5c CMakeFiles/touchscreen.dir/home/rmh6127/pico/pico-sdk/lib/tinyusb/src/class/vendor/vendor_device.c.o
                0x0000000010005e7c                vendord_init
 .text.vendord_deinit
                0x0000000010005ed8       0x1c CMakeFiles/touchscreen.dir/home/rmh6127/pico/pico-sdk/lib/tinyusb/src/class/vendor/vendor_device.c.o
                0x0000000010005ed8                vendord_deinit
 .text.vendord_reset
                0x0000000010005ef4       0x20 CMakeFiles/touchscreen.dir/home/rmh6127/pico/pico-sdk/lib/tinyusb/src/class/vendor/vendor_device.c.o
                0x0000000010005ef4                vendord_reset
 .text.vendord_open
                0x0000000010005f14      0x138 CMakeFiles/touchscreen.dir/home/rmh6127/pico/pico-sdk/lib/tinyusb/src/class/vendor/vendor_device.c.o
                0x0000000010005f14                vendord_open
 .text.vendord_xfer_cb
                0x000000001000604c       0x9c CMakeFiles/touchscreen.dir/home/rmh6127/pico/pico-sdk/lib/tinyusb/src/class/vendor/vendor_device.c.o
                0x000000001000604c                vendord_xfer_cb
 .text.tusb_init
                0x00000000100060e8        0xc CMakeFiles/touchscreen.dir/home/rmh6127/pico/pico-sdk/lib/tinyusb/src/tusb.c.o
                0x00000000100060e8                tusb_init
 .text.tu_edpt_claim
                0x00000000100060f4       0x50 CMakeFiles/touchscreen.dir/home/rmh6127/pico/pico-sdk/lib/tinyusb/src/tusb.c.o
                0x00000000100060f4                tu_edpt_claim
 .text.tu_edpt_release
                0x0000000010006144       0x38 CMakeFiles/touchscreen.dir/home/rmh6127/pico/pico-sdk/lib/tinyusb/src/tusb.c.o
                0x0000000010006144                tu_edpt_release
 .text.tu_edpt_validate
                0x000000001000617c       0x78 CMakeFiles/touchscreen.dir/home/rmh6127/pico/pico-sdk/lib/tinyusb/src/tusb.c.o
                0x000000001000617c                tu_edpt_validate
 .text.tu_edpt_bind_driver
                0x00000000100061f4       0x34 CMakeFiles/touchscreen.dir/home/rmh6127/pico/pico-sdk/lib/tinyusb/src/tusb.c.o
                0x00000000100061f4                tu_edpt_bind_driver
 .text.tu_edpt_stream_init
                0x0000000010006228       0x6c CMakeFiles/touchscreen.dir/home/rmh6127/pico/pico-sdk/lib/tinyusb/src/tusb.c.o
                0x0000000010006228                tu_edpt_stream_init
 .text.tu_edpt_stream_deinit
                0x0000000010006294        0x4 CMakeFiles/touchscreen.dir/home/rmh6127/pico/pico-sdk/lib/tinyusb/src/tusb.c.o
                0x0000000010006294                tu_edpt_stream_deinit
 .text.tu_edpt_stream_write_zlp_if_needed
                0x0000000010006298       0x58 CMakeFiles/touchscreen.dir/home/rmh6127/pico/pico-sdk/lib/tinyusb/src/tusb.c.o
                0x0000000010006298                tu_edpt_stream_write_zlp_if_needed
 .text.tu_edpt_stream_write_xfer
                0x00000000100062f0       0x64 CMakeFiles/touchscreen.dir/home/rmh6127/pico/pico-sdk/lib/tinyusb/src/tusb.c.o
                0x00000000100062f0                tu_edpt_stream_write_xfer
 .text.tu_edpt_stream_read_xfer
                0x0000000010006354       0xdc CMakeFiles/touchscreen.dir/home/rmh6127/pico/pico-sdk/lib/tinyusb/src/tusb.c.o
                0x0000000010006354                tu_edpt_stream_read_xfer
 .text.tu_fifo_config
                0x0000000010006430       0x70 CMakeFiles/touchscreen.dir/home/rmh6127/pico/pico-sdk/lib/tinyusb/src/common/tusb_fifo.c.o
                0x0000000010006430                tu_fifo_config
 .text.tu_fifo_count
                0x00000000100064a0       0x2c CMakeFiles/touchscreen.dir/home/rmh6127/pico/pico-sdk/lib/tinyusb/src/common/tusb_fifo.c.o
                0x00000000100064a0                tu_fifo_count
 .text.tu_fifo_empty
                0x00000000100064cc       0x10 CMakeFiles/touchscreen.dir/home/rmh6127/pico/pico-sdk/lib/tinyusb/src/common/tusb_fifo.c.o
                0x00000000100064cc                tu_fifo_empty
 .text.tu_fifo_remaining
                0x00000000100064dc       0x2c CMakeFiles/touchscreen.dir/home/rmh6127/pico/pico-sdk/lib/tinyusb/src/common/tusb_fifo.c.o
                0x00000000100064dc                tu_fifo_remaining
 .text.tu_fifo_read
                0x0000000010006508       0xa0 CMakeFiles/touchscreen.dir/home/rmh6127/pico/pico-sdk/lib/tinyusb/src/common/tusb_fifo.c.o
                0x0000000010006508                tu_fifo_read
 .text.tu_fifo_read_n
                0x00000000100065a8       0xec CMakeFiles/touchscreen.dir/home/rmh6127/pico/pico-sdk/lib/tinyusb/src/common/tusb_fifo.c.o
                0x00000000100065a8                tu_fifo_read_n
 .text.tu_fifo_write
                0x0000000010006694       0x88 CMakeFiles/touchscreen.dir/home/rmh6127/pico/pico-sdk/lib/tinyusb/src/common/tusb_fifo.c.o
                0x0000000010006694                tu_fifo_write
 .text.tu_fifo_write_n
                0x000000001000671c      0x168 CMakeFiles/touchscreen.dir/home/rmh6127/pico/pico-sdk/lib/tinyusb/src/common/tusb_fifo.c.o
                0x000000001000671c                tu_fifo_write_n
 .text.tu_fifo_clear
                0x0000000010006884       0x40 CMakeFiles/touchscreen.dir/home/rmh6127/pico/pico-sdk/lib/tinyusb/src/common/tusb_fifo.c.o
                0x0000000010006884                tu_fifo_clear
 .text.tu_fifo_set_overwritable
                0x00000000100068c4       0x48 CMakeFiles/touchscreen.dir/home/rmh6127/pico/pico-sdk/lib/tinyusb/src/common/tusb_fifo.c.o
                0x00000000100068c4                tu_fifo_set_overwritable
 .text.i2c_read_blocking_internal.constprop.0
                0x000000001000690c       0xb4 CMakeFiles/touchscreen.dir/home/rmh6127/pico/pico-sdk/src/rp2_common/hardware_i2c/i2c.c.o
 .text.i2c_write_blocking_internal.constprop.0
                0x00000000100069c0       0xd0 CMakeFiles/touchscreen.dir/home/rmh6127/pico/pico-sdk/src/rp2_common/hardware_i2c/i2c.c.o
 .text.i2c_set_baudrate
                0x0000000010006a90       0xc0 CMakeFiles/touchscreen.dir/home/rmh6127/pico/pico-sdk/src/rp2_common/hardware_i2c/i2c.c.o
                0x0000000010006a90                i2c_set_baudrate
 .text.i2c_init
                0x0000000010006b50       0x54 CMakeFiles/touchscreen.dir/home/rmh6127/pico/pico-sdk/src/rp2_common/hardware_i2c/i2c.c.o
                0x0000000010006b50                i2c_init
 .text.i2c_write_blocking
                0x0000000010006ba4       0x14 CMakeFiles/touchscreen.dir/home/rmh6127/pico/pico-sdk/src/rp2_common/hardware_i2c/i2c.c.o
                0x0000000010006ba4                i2c_write_blocking
 .text.i2c_read_blocking
                0x0000000010006bb8       0x14 CMakeFiles/touchscreen.dir/home/rmh6127/pico/pico-sdk/src/rp2_common/hardware_i2c/i2c.c.o
                0x0000000010006bb8                i2c_read_blocking
 .text          0x0000000010006bcc       0x5c /usr/lib/gcc/arm-none-eabi/10.3.1/../../../arm-none-eabi/lib/thumb/v6-m/nofp/libg.a(lib_a-strlen-stub.o)
                0x0000000010006bcc                strlen
 *(.fini)
 .fini          0x0000000010006c28        0x4 /usr/lib/gcc/arm-none-eabi/10.3.1/thumb/v6-m/nofp/crti.o
                0x0000000010006c28                _fini
 *fill*         0x0000000010006c2c        0x4 
 .fini.__stub   0x0000000010006c30       0xd0 linker stubs
 *crtbegin.o(.ctors)
 *crtbegin?.o(.ctors)
 *(EXCLUDE_FILE(*crtend.o *crtend?.o) .ctors)
 *(SORT_BY_NAME(.ctors.*))
 *(.ctors)
 *crtbegin.o(.dtors)
 *crtbegin?.o(.dtors)
 *(EXCLUDE_FILE(*crtend.o *crtend?.o) .dtors)
 *(SORT_BY_NAME(.dtors.*))
 *(.dtors)
                0x0000000010006d00                . = ALIGN (0x4)
                0x0000000010006d00                PROVIDE (__preinit_array_start = .)
 *(SORT_BY_NAME(.preinit_array.*))
 .preinit_array.00100
                0x0000000010006d00        0x4 CMakeFiles/touchscreen.dir/home/rmh6127/pico/pico-sdk/src/rp2_common/pico_runtime_init/runtime_init.c.o
                0x0000000010006d00                __pre_init_runtime_init_early_resets
 .preinit_array.00101
                0x0000000010006d04        0x4 CMakeFiles/touchscreen.dir/home/rmh6127/pico/pico-sdk/src/rp2_common/pico_runtime_init/runtime_init.c.o
                0x0000000010006d04                __pre_init_runtime_init_usb_power_down
 .preinit_array.00275
                0x0000000010006d08        0x4 CMakeFiles/touchscreen.dir/home/rmh6127/pico/pico-sdk/src/rp2_common/pico_bit_ops/bit_ops_aeabi.S.o
 .preinit_array.00300
                0x0000000010006d0c        0x4 CMakeFiles/touchscreen.dir/home/rmh6127/pico/pico-sdk/src/rp2_common/pico_mem_ops/mem_ops_aeabi.S.o
 .preinit_array.00350
                0x0000000010006d10        0x4 CMakeFiles/touchscreen.dir/home/rmh6127/pico/pico-sdk/src/rp2_common/pico_double/double_aeabi_rp2040.S.o
 .preinit_array.00350
                0x0000000010006d14        0x4 CMakeFiles/touchscreen.dir/home/rmh6127/pico/pico-sdk/src/rp2_common/pico_float/float_aeabi_rp2040.S.o
 .preinit_array.00500
                0x0000000010006d18        0x4 CMakeFiles/touchscreen.dir/home/rmh6127/pico/pico-sdk/src/rp2_common/pico_runtime_init/runtime_init.c.o
                0x0000000010006d18                __pre_init_runtime_init_clocks
 .preinit_array.00600
                0x0000000010006d1c        0x4 CMakeFiles/touchscreen.dir/home/rmh6127/pico/pico-sdk/src/rp2_common/pico_runtime_init/runtime_init.c.o
                0x0000000010006d1c                __pre_init_runtime_init_post_clock_resets
 .preinit_array.00700
                0x0000000010006d20        0x4 CMakeFiles/touchscreen.dir/home/rmh6127/pico/pico-sdk/src/rp2_common/pico_runtime_init/runtime_init.c.o
                0x0000000010006d20                __pre_init_runtime_init_rp2040_gpio_ie_disable
 .preinit_array.01000
                0x0000000010006d24        0x4 CMakeFiles/touchscreen.dir/home/rmh6127/pico/pico-sdk/src/rp2_common/pico_runtime_init/runtime_init.c.o
                0x0000000010006d24                __pre_init_runtime_init_spin_locks_reset
 .preinit_array.01100
                0x0000000010006d28        0x4 CMakeFiles/touchscreen.dir/home/rmh6127/pico/pico-sdk/src/common/pico_sync/mutex.c.o
                0x0000000010006d28                __pre_init_runtime_init_mutex
 .preinit_array.10080
                0x0000000010006d2c        0x4 CMakeFiles/touchscreen.dir/home/rmh6127/pico/pico-sdk/src/rp2_common/pico_runtime_init/runtime_init.c.o
                0x0000000010006d2c                __pre_init_runtime_init_install_ram_vector_table
 .preinit_array.11000
                0x0000000010006d30        0x4 CMakeFiles/touchscreen.dir/home/rmh6127/pico/pico-sdk/src/common/pico_time/time.c.o
                0x0000000010006d30                __pre_init_runtime_init_default_alarm_pool
 .preinit_array.YYYYY
                0x0000000010006d34        0x4 CMakeFiles/touchscreen.dir/home/rmh6127/pico/pico-sdk/src/rp2_common/pico_runtime/runtime.c.o
                0x0000000010006d34                __pre_init_first_per_core_initializer
 .preinit_array.ZZZZZ.01200
                0x0000000010006d38        0x4 CMakeFiles/touchscreen.dir/home/rmh6127/pico/pico-sdk/src/rp2_common/hardware_irq/irq.c.o
                0x0000000010006d38                __pre_init_runtime_init_per_core_irq_priorities
 *(.preinit_array)
                0x0000000010006d3c                PROVIDE (__preinit_array_end = .)
                0x0000000010006d3c                . = ALIGN (0x4)
                0x0000000010006d3c                PROVIDE (__init_array_start = .)
 *(SORT_BY_NAME(.init_array.*))
 *(.init_array)
 .init_array    0x0000000010006d3c        0x4 /usr/lib/gcc/arm-none-eabi/10.3.1/thumb/v6-m/nofp/crtbegin.o
 .init_array    0x0000000010006d40        0x4 CMakeFiles/touchscreen.dir/home/rmh6127/pico/pico-sdk/src/rp2_common/pico_unique_id/unique_id.c.o
                0x0000000010006d44                PROVIDE (__init_array_end = .)
                0x0000000010006d44                . = ALIGN (0x4)
                0x0000000010006d44                PROVIDE (__fini_array_start = .)
 *(SORT_BY_NAME(.fini_array.*))
 *(.fini_array)
                0x0000000010006d44                PROVIDE (__fini_array_end = .)
 *(.eh_frame*)
 .eh_frame      0x0000000010006d44        0x0 /usr/lib/gcc/arm-none-eabi/10.3.1/thumb/v6-m/nofp/crtbegin.o
                0x0000000010006d44                . = ALIGN (0x4)

.glue_7         0x0000000010006d44        0x0
 .glue_7        0x0000000010006d44        0x0 linker stubs

.glue_7t        0x0000000010006d44        0x0
 .glue_7t       0x0000000010006d44        0x0 linker stubs

.vfp11_veneer   0x0000000010006d44        0x0
 .vfp11_veneer  0x0000000010006d44        0x0 linker stubs

.v4_bx          0x0000000010006d44        0x0
 .v4_bx         0x0000000010006d44        0x0 linker stubs

.iplt           0x0000000010006d44        0x0
 .iplt          0x0000000010006d44        0x0 /usr/lib/gcc/arm-none-eabi/10.3.1/thumb/v6-m/nofp/crtbegin.o

.rodata         0x0000000010006d48      0x6f0
 *(EXCLUDE_FILE(*libm.a: *libc.a:*lib_a-mem*.o *libgcc.a:) .rodata*)
 .rodata.init_tsc2007.str1.4
                0x0000000010006d48       0x1e CMakeFiles/touchscreen.dir/main.c.o
 *fill*         0x0000000010006d66        0x2 
 .rodata.main.str1.4
                0x0000000010006d68       0x7c CMakeFiles/touchscreen.dir/main.c.o
 .rodata.panic.str1.4
                0x0000000010006de4       0x10 CMakeFiles/touchscreen.dir/home/rmh6127/pico/pico-sdk/src/rp2_common/pico_platform_panic/panic.c.o
                                         0x12 (size before relaxing)
 .rodata.spin_lock_claim_unused.str1.4
                0x0000000010006df4       0x1b CMakeFiles/touchscreen.dir/home/rmh6127/pico/pico-sdk/src/rp2_common/hardware_sync/sync.c.o
 *fill*         0x0000000010006e0f        0x1 
 .rodata.user_irq_claim_unused.str1.4
                0x0000000010006e10       0x1b CMakeFiles/touchscreen.dir/home/rmh6127/pico/pico-sdk/src/rp2_common/hardware_irq/irq.c.o
 *fill*         0x0000000010006e2b        0x1 
 .rodata.timer_hardware_alarm_claim.str1.4
                0x0000000010006e2c       0x22 CMakeFiles/touchscreen.dir/home/rmh6127/pico/pico-sdk/src/rp2_common/hardware_timer/timer.c.o
 *fill*         0x0000000010006e4e        0x2 
 .rodata.hard_assertion_failure.str1.4
                0x0000000010006e50        0xc CMakeFiles/touchscreen.dir/home/rmh6127/pico/pico-sdk/src/rp2_common/pico_runtime/runtime.c.o
 .rodata.str1.4
                0x0000000010006e5c       0x40 CMakeFiles/touchscreen.dir/home/rmh6127/pico/pico-sdk/src/rp2_common/pico_standard_binary_info/standard_binary_info.c.o
 .rodata.__bi_26
                0x0000000010006e9c        0xc CMakeFiles/touchscreen.dir/home/rmh6127/pico/pico-sdk/src/rp2_common/pico_standard_binary_info/standard_binary_info.c.o
 .rodata.__bi_34
                0x0000000010006ea8        0xc CMakeFiles/touchscreen.dir/home/rmh6127/pico/pico-sdk/src/rp2_common/pico_standard_binary_info/standard_binary_info.c.o
 .rodata.__bi_42
                0x0000000010006eb4        0xc CMakeFiles/touchscreen.dir/home/rmh6127/pico/pico-sdk/src/rp2_common/pico_standard_binary_info/standard_binary_info.c.o
 .rodata.__bi_48
                0x0000000010006ec0        0xc CMakeFiles/touchscreen.dir/home/rmh6127/pico/pico-sdk/src/rp2_common/pico_standard_binary_info/standard_binary_info.c.o
 .rodata.__bi_54
                0x0000000010006ecc        0xc CMakeFiles/touchscreen.dir/home/rmh6127/pico/pico-sdk/src/rp2_common/pico_standard_binary_info/standard_binary_info.c.o
 .rodata.__bi_78
                0x0000000010006ed8        0xc CMakeFiles/touchscreen.dir/home/rmh6127/pico/pico-sdk/src/rp2_common/pico_standard_binary_info/standard_binary_info.c.o
 .rodata.__bi_84
                0x0000000010006ee4        0xc CMakeFiles/touchscreen.dir/home/rmh6127/pico/pico-sdk/src/rp2_common/pico_standard_binary_info/standard_binary_info.c.o
 .rodata._ftoa.str1.4
                0x0000000010006ef0       0x15 CMakeFiles/touchscreen.dir/home/rmh6127/pico/pico-sdk/src/rp2_common/pico_printf/printf.c.o
 *fill*         0x0000000010006f05        0x3 
 .rodata._vsnprintf
                0x0000000010006f08      0x1e0 CMakeFiles/touchscreen.dir/home/rmh6127/pico/pico-sdk/src/rp2_common/pico_printf/printf.c.o
 .rodata.pow10.0
                0x00000000100070e8       0x50 CMakeFiles/touchscreen.dir/home/rmh6127/pico/pico-sdk/src/rp2_common/pico_printf/printf.c.o
 .rodata.crlf_str.0
                0x0000000010007138        0x2 CMakeFiles/touchscreen.dir/home/rmh6127/pico/pico-sdk/src/rp2_common/pico_stdio/stdio.c.o
 *fill*         0x000000001000713a        0x2 
 .rodata._resetd_driver
                0x000000001000713c       0x20 CMakeFiles/touchscreen.dir/home/rmh6127/pico/pico-sdk/src/rp2_common/pico_stdio_usb/reset_interface.c.o
 .rodata.desc_bos
                0x000000001000715c       0x21 CMakeFiles/touchscreen.dir/home/rmh6127/pico/pico-sdk/src/rp2_common/pico_stdio_usb/reset_interface.c.o
                0x000000001000715c                desc_bos
 *fill*         0x000000001000717d        0x3 
 .rodata.desc_ms_os_20
                0x0000000010007180       0xa6 CMakeFiles/touchscreen.dir/home/rmh6127/pico/pico-sdk/src/rp2_common/pico_stdio_usb/reset_interface.c.o
 *fill*         0x0000000010007226        0x2 
 .rodata.str1.4
                0x0000000010007228       0x13 CMakeFiles/touchscreen.dir/home/rmh6127/pico/pico-sdk/src/rp2_common/pico_stdio_usb/stdio_usb.c.o
 *fill*         0x000000001000723b        0x1 
 .rodata.__bi_197.0
                0x000000001000723c        0xc CMakeFiles/touchscreen.dir/home/rmh6127/pico/pico-sdk/src/rp2_common/pico_stdio_usb/stdio_usb.c.o
 .rodata.str1.4
                0x0000000010007248       0x2a CMakeFiles/touchscreen.dir/home/rmh6127/pico/pico-sdk/src/rp2_common/pico_stdio_usb/stdio_usb_descriptors.c.o
 *fill*         0x0000000010007272        0x2 
 .rodata.usbd_desc_cfg
                0x0000000010007274       0x54 CMakeFiles/touchscreen.dir/home/rmh6127/pico/pico-sdk/src/rp2_common/pico_stdio_usb/stdio_usb_descriptors.c.o
 .rodata.usbd_desc_device
                0x00000000100072c8       0x12 CMakeFiles/touchscreen.dir/home/rmh6127/pico/pico-sdk/src/rp2_common/pico_stdio_usb/stdio_usb_descriptors.c.o
 *fill*         0x00000000100072da        0x2 
 .rodata.usbd_desc_str
                0x00000000100072dc       0x18 CMakeFiles/touchscreen.dir/home/rmh6127/pico/pico-sdk/src/rp2_common/pico_stdio_usb/stdio_usb_descriptors.c.o
 .rodata.str1.4
                0x00000000100072f4       0x14 CMakeFiles/touchscreen.dir/home/rmh6127/pico/pico-sdk/lib/tinyusb/src/portable/raspberrypi/rp2040/dcd_rp2040.c.o
 .rodata.str1.4
                0x0000000010007308       0x48 CMakeFiles/touchscreen.dir/home/rmh6127/pico/pico-sdk/lib/tinyusb/src/portable/raspberrypi/rp2040/rp2040_usb.c.o
 .rodata.tud_task_ext
                0x0000000010007350       0x8c CMakeFiles/touchscreen.dir/home/rmh6127/pico/pico-sdk/lib/tinyusb/src/device/usbd.c.o
 .rodata        0x00000000100073dc       0x1c CMakeFiles/touchscreen.dir/home/rmh6127/pico/pico-sdk/lib/tinyusb/src/device/usbd.c.o
 .rodata._usbd_driver
                0x00000000100073f8       0x40 CMakeFiles/touchscreen.dir/home/rmh6127/pico/pico-sdk/lib/tinyusb/src/device/usbd.c.o
                0x0000000010007438                . = ALIGN (0x4)
 *(SORT_BY_ALIGNMENT(SORT_BY_NAME(.flashdata*)))
                0x0000000010007438                . = ALIGN (0x4)

.ARM.extab
 *(.ARM.extab* .gnu.linkonce.armextab.*)
                0x0000000010007438                __exidx_start = .

.ARM.exidx
 *(.ARM.exidx* .gnu.linkonce.armexidx.*)
                0x0000000010007438                __exidx_end = .
                0x0000000010007438                . = ALIGN (0x4)
                0x0000000010007438                __binary_info_start = .

.binary_info    0x0000000010007438       0x20
 *(.binary_info.keep.*)
 .binary_info.keep.__bi_ptr26
                0x0000000010007438        0x4 CMakeFiles/touchscreen.dir/home/rmh6127/pico/pico-sdk/src/rp2_common/pico_standard_binary_info/standard_binary_info.c.o
 .binary_info.keep.__bi_ptr34
                0x000000001000743c        0x4 CMakeFiles/touchscreen.dir/home/rmh6127/pico/pico-sdk/src/rp2_common/pico_standard_binary_info/standard_binary_info.c.o
 .binary_info.keep.__bi_ptr42
                0x0000000010007440        0x4 CMakeFiles/touchscreen.dir/home/rmh6127/pico/pico-sdk/src/rp2_common/pico_standard_binary_info/standard_binary_info.c.o
 .binary_info.keep.__bi_ptr48
                0x0000000010007444        0x4 CMakeFiles/touchscreen.dir/home/rmh6127/pico/pico-sdk/src/rp2_common/pico_standard_binary_info/standard_binary_info.c.o
 .binary_info.keep.__bi_ptr54
                0x0000000010007448        0x4 CMakeFiles/touchscreen.dir/home/rmh6127/pico/pico-sdk/src/rp2_common/pico_standard_binary_info/standard_binary_info.c.o
 .binary_info.keep.__bi_ptr78
                0x000000001000744c        0x4 CMakeFiles/touchscreen.dir/home/rmh6127/pico/pico-sdk/src/rp2_common/pico_standard_binary_info/standard_binary_info.c.o
 .binary_info.keep.__bi_ptr84
                0x0000000010007450        0x4 CMakeFiles/touchscreen.dir/home/rmh6127/pico/pico-sdk/src/rp2_common/pico_standard_binary_info/standard_binary_info.c.o
 *(.binary_info.*)
 .binary_info.__bi_ptr197
                0x0000000010007454        0x4 CMakeFiles/touchscreen.dir/home/rmh6127/pico/pico-sdk/src/rp2_common/pico_stdio_usb/stdio_usb.c.o
                0x0000000010007458                __binary_info_end = .

.rel.dyn        0x0000000010007458        0x0
 .rel.iplt      0x0000000010007458        0x0 /usr/lib/gcc/arm-none-eabi/10.3.1/thumb/v6-m/nofp/crtbegin.o
                0x0000000010007458                . = ALIGN (0x4)

.ram_vector_table
                0x0000000020000000       0xc0
 *(.ram_vector_table)
 .ram_vector_table
                0x0000000020000000       0xc0 CMakeFiles/touchscreen.dir/home/rmh6127/pico/pico-sdk/src/rp2_common/pico_runtime_init/runtime_init.c.o
                0x0000000020000000                ram_vector_table

.uninitialized_data
                0x00000000200000c0        0x0
                0x00000000200000c0                . = ALIGN (0x4)
 *(.uninitialized_data*)

.data           0x00000000200000c0     0x1008 load address 0x0000000010007458
                0x00000000200000c0                __data_start__ = .
 *(vtable)
 *(.time_critical*)
 .time_critical.mutex_try_enter
                0x00000000200000c0       0x44 CMakeFiles/touchscreen.dir/home/rmh6127/pico/pico-sdk/src/common/pico_sync/mutex.c.o
                0x00000000200000c0                mutex_try_enter
 .time_critical.mutex_try_enter_block_until
                0x0000000020000104       0x9c CMakeFiles/touchscreen.dir/home/rmh6127/pico/pico-sdk/src/common/pico_sync/mutex.c.o
                0x0000000020000104                mutex_try_enter_block_until
 .time_critical.mutex_enter_timeout_ms
                0x00000000200001a0       0x90 CMakeFiles/touchscreen.dir/home/rmh6127/pico/pico-sdk/src/common/pico_sync/mutex.c.o
                0x00000000200001a0                mutex_enter_timeout_ms
 .time_critical.mutex_exit
                0x0000000020000230       0x28 CMakeFiles/touchscreen.dir/home/rmh6127/pico/pico-sdk/src/common/pico_sync/mutex.c.o
                0x0000000020000230                mutex_exit
 .time_critical.flash_init_boot2_copyout
                0x0000000020000258       0x30 CMakeFiles/touchscreen.dir/home/rmh6127/pico/pico-sdk/src/rp2_common/hardware_flash/flash.c.o
 .time_critical.flash_enable_xip_via_boot2
                0x0000000020000288       0x10 CMakeFiles/touchscreen.dir/home/rmh6127/pico/pico-sdk/src/rp2_common/hardware_flash/flash.c.o
 .time_critical.flash_cs_force
                0x0000000020000298       0x38 CMakeFiles/touchscreen.dir/home/rmh6127/pico/pico-sdk/src/rp2_common/hardware_flash/flash.c.o
 .time_critical.flash_do_cmd
                0x00000000200002d0       0xc4 CMakeFiles/touchscreen.dir/home/rmh6127/pico/pico-sdk/src/rp2_common/hardware_flash/flash.c.o
                0x00000000200002d0                flash_do_cmd
 .time_critical.reset_non_control_endpoints
                0x0000000020000394       0xbc CMakeFiles/touchscreen.dir/home/rmh6127/pico/pico-sdk/lib/tinyusb/src/portable/raspberrypi/rp2040/dcd_rp2040.c.o
 .time_critical.hw_handle_buff_status
                0x0000000020000450       0xa8 CMakeFiles/touchscreen.dir/home/rmh6127/pico/pico-sdk/lib/tinyusb/src/portable/raspberrypi/rp2040/dcd_rp2040.c.o
 .time_critical.dcd_rp2040_irq
                0x00000000200004f8      0x554 CMakeFiles/touchscreen.dir/home/rmh6127/pico/pico-sdk/lib/tinyusb/src/portable/raspberrypi/rp2040/dcd_rp2040.c.o
 .time_critical.prepare_ep_buffer
                0x0000000020000a4c       0xf4 CMakeFiles/touchscreen.dir/home/rmh6127/pico/pico-sdk/lib/tinyusb/src/portable/raspberrypi/rp2040/rp2040_usb.c.o
 .time_critical.sync_ep_buffer
                0x0000000020000b40       0xb4 CMakeFiles/touchscreen.dir/home/rmh6127/pico/pico-sdk/lib/tinyusb/src/portable/raspberrypi/rp2040/rp2040_usb.c.o
 .time_critical._hw_endpoint_xfer_sync
                0x0000000020000bf4       0x28 CMakeFiles/touchscreen.dir/home/rmh6127/pico/pico-sdk/lib/tinyusb/src/portable/raspberrypi/rp2040/rp2040_usb.c.o
 .time_critical.e15_is_bulkin_ep
                0x0000000020000c1c       0x28 CMakeFiles/touchscreen.dir/home/rmh6127/pico/pico-sdk/lib/tinyusb/src/portable/raspberrypi/rp2040/rp2040_usb.c.o
 .time_critical.e15_is_critical_frame_period
                0x0000000020000c44       0x34 CMakeFiles/touchscreen.dir/home/rmh6127/pico/pico-sdk/lib/tinyusb/src/portable/raspberrypi/rp2040/rp2040_usb.c.o
 .time_critical.hw_endpoint_reset_transfer
                0x0000000020000c78        0xc CMakeFiles/touchscreen.dir/home/rmh6127/pico/pico-sdk/lib/tinyusb/src/portable/raspberrypi/rp2040/rp2040_usb.c.o
                0x0000000020000c78                hw_endpoint_reset_transfer
 .time_critical._hw_endpoint_buffer_control_update32
                0x0000000020000c84       0x50 CMakeFiles/touchscreen.dir/home/rmh6127/pico/pico-sdk/lib/tinyusb/src/portable/raspberrypi/rp2040/rp2040_usb.c.o
                0x0000000020000c84                _hw_endpoint_buffer_control_update32
 .time_critical.hw_endpoint_start_next_buffer
                0x0000000020000cd4       0x6c CMakeFiles/touchscreen.dir/home/rmh6127/pico/pico-sdk/lib/tinyusb/src/portable/raspberrypi/rp2040/rp2040_usb.c.o
                0x0000000020000cd4                hw_endpoint_start_next_buffer
 .time_critical.hw_endpoint_xfer_continue
                0x0000000020000d40       0x40 CMakeFiles/touchscreen.dir/home/rmh6127/pico/pico-sdk/lib/tinyusb/src/portable/raspberrypi/rp2040/rp2040_usb.c.o
                0x0000000020000d40                hw_endpoint_xfer_continue
 .time_critical.tinyusb
                0x0000000020000d80      0x1f0 CMakeFiles/touchscreen.dir/home/rmh6127/pico/pico-sdk/lib/tinyusb/src/device/usbd.c.o
                0x0000000020000d80                dcd_event_handler
 *(.text*)
 .text          0x0000000020000f70        0x4 /usr/lib/gcc/arm-none-eabi/10.3.1/thumb/v6-m/nofp/libgcc.a(_dvmd_tls.o)
                0x0000000020000f70                __aeabi_ldiv0
                0x0000000020000f70                __aeabi_idiv0
 *fill*         0x0000000020000f74        0x4 
 .text.__stub   0x0000000020000f78       0x80 linker stubs
                0x0000000020000ff8                . = ALIGN (0x4)
 *(.rodata*)
                0x0000000020000ff8                . = ALIGN (0x4)
 *(.data*)
 .data.striped_spin_lock_num
                0x0000000020000ff8        0x1 CMakeFiles/touchscreen.dir/home/rmh6127/pico/pico-sdk/src/rp2_common/hardware_sync/sync.c.o
 *fill*         0x0000000020000ff9        0x3 
 .data          0x0000000020000ffc       0x48 CMakeFiles/touchscreen.dir/home/rmh6127/pico/pico-sdk/src/rp2_common/hardware_irq/irq_handler_chain.S.o
                0x0000000020000ffc                irq_handler_chain_slots
                0x000000002000102c                irq_handler_chain_first_slot
                0x0000000020001036                irq_handler_chain_remove_tail
 .data.default_alarm_pool
                0x0000000020001044       0x18 CMakeFiles/touchscreen.dir/home/rmh6127/pico/pico-sdk/src/common/pico_time/time.c.o
 *fill*         0x000000002000105c        0x4 
 .data.aeabi_bits_funcs
                0x0000000020001060       0x10 CMakeFiles/touchscreen.dir/home/rmh6127/pico/pico-sdk/src/rp2_common/pico_bit_ops/bit_ops_aeabi.S.o
                0x0000000020001060                aeabi_bits_funcs
                0x0000000020001070                aeabi_bits_funcs_end
 .data.aeabi_mem_funcs
                0x0000000020001070       0x10 CMakeFiles/touchscreen.dir/home/rmh6127/pico/pico-sdk/src/rp2_common/pico_mem_ops/mem_ops_aeabi.S.o
                0x0000000020001070                aeabi_mem_funcs
                0x0000000020001080                aeabi_mem_funcs_end
 .data.stdio_usb
                0x0000000020001080       0x18 CMakeFiles/touchscreen.dir/home/rmh6127/pico/pico-sdk/src/rp2_common/pico_stdio_usb/stdio_usb.c.o
                0x0000000020001080                stdio_usb
 .data._usbd_qdef
                0x0000000020001098       0x1c CMakeFiles/touchscreen.dir/home/rmh6127/pico/pico-sdk/lib/tinyusb/src/device/usbd.c.o
                0x0000000020001098                _usbd_qdef
 .data._usbd_rhport
                0x00000000200010b4        0x1 CMakeFiles/touchscreen.dir/home/rmh6127/pico/pico-sdk/lib/tinyusb/src/device/usbd.c.o
 *fill*         0x00000000200010b5        0x3 
 .data.i2c0_inst
                0x00000000200010b8        0x8 CMakeFiles/touchscreen.dir/home/rmh6127/pico/pico-sdk/src/rp2_common/hardware_i2c/i2c.c.o
                0x00000000200010b8                i2c0_inst
                0x00000000200010c0                . = ALIGN (0x4)
 *(.after_data.*)
                0x00000000200010c0                . = ALIGN (0x4)
                0x00000000200010c0                PROVIDE (__mutex_array_start = .)
 *(SORT_BY_NAME(.mutex_array.*))
 *(.mutex_array)
 .mutex_array   0x00000000200010c0        0x8 CMakeFiles/touchscreen.dir/home/rmh6127/pico/pico-sdk/src/rp2_common/pico_stdio/stdio.c.o
                0x00000000200010c8                PROVIDE (__mutex_array_end = .)
                0x00000000200010c8                . = ALIGN (0x4)
 *(.jcr)
                0x00000000200010c8                . = ALIGN (0x4)

.tm_clone_table
                0x00000000200010c8        0x0 load address 0x0000000010008460
 .tm_clone_table
                0x00000000200010c8        0x0 /usr/lib/gcc/arm-none-eabi/10.3.1/thumb/v6-m/nofp/crtbegin.o
 .tm_clone_table
                0x00000000200010c8        0x0 /usr/lib/gcc/arm-none-eabi/10.3.1/thumb/v6-m/nofp/crtend.o

.igot.plt       0x00000000200010c8        0x0 load address 0x0000000010008460
 .igot.plt      0x00000000200010c8        0x0 /usr/lib/gcc/arm-none-eabi/10.3.1/thumb/v6-m/nofp/crtbegin.o

.tdata          0x00000000200010c8        0x0 load address 0x0000000010008460
                0x00000000200010c8                . = ALIGN (0x4)
 *(.tdata .tdata.* .gnu.linkonce.td.*)
                0x00000000200010c8                __tdata_end = .
                0x00000000200010c8                PROVIDE (__data_end__ = .)
                0x0000000010007458                __etext = LOADADDR (.data)

.tbss           0x00000000200010c8        0x0 load address 0x0000000010008460
                0x00000000200010c8                . = ALIGN (0x4)
                0x00000000200010c8                __bss_start__ = .
                0x00000000200010c8                __tls_base = .
 *(.tbss .tbss.* .gnu.linkonce.tb.*)
 *(.tcommon)
                0x00000000200010c8                __tls_end = .

.bss            0x00000000200010c8     0x107c load address 0x0000000010008460
                0x00000000200010c8                . = ALIGN (0x4)
                0x00000000200010c8                __tbss_end = .
 *(SORT_BY_ALIGNMENT(SORT_BY_NAME(.bss*)))
 .bss.default_alarm_pool_entries
                0x00000000200010c8      0x180 CMakeFiles/touchscreen.dir/home/rmh6127/pico/pico-sdk/src/common/pico_time/time.c.o
 .bss.last_avail_time.1
                0x0000000020001248        0x8 CMakeFiles/touchscreen.dir/home/rmh6127/pico/pico-sdk/src/rp2_common/pico_stdio_usb/stdio_usb.c.o
 .bss.sd_table  0x0000000020001250      0x100 CMakeFiles/touchscreen.dir/home/rmh6127/pico/pico-sdk/src/rp2_common/pico_double/double_init_rom_rp2040.c.o
                0x0000000020001250                sd_table
 .bss.sf_table  0x0000000020001350      0x100 CMakeFiles/touchscreen.dir/home/rmh6127/pico/pico-sdk/src/rp2_common/pico_float/float_init_rom_rp2040.c.o
                0x0000000020001350                sf_table
 .bss           0x0000000020001450       0x1c /usr/lib/gcc/arm-none-eabi/10.3.1/thumb/v6-m/nofp/crtbegin.o
 .bss._app_driver
                0x000000002000146c        0x4 CMakeFiles/touchscreen.dir/home/rmh6127/pico/pico-sdk/lib/tinyusb/src/device/usbd.c.o
 .bss._cdcd_fifo_cfg
                0x0000000020001470        0x1 CMakeFiles/touchscreen.dir/home/rmh6127/pico/pico-sdk/lib/tinyusb/src/class/cdc/cdc_device.c.o
 *fill*         0x0000000020001471        0x3 
 .bss._cdcd_itf
                0x0000000020001474      0x2c8 CMakeFiles/touchscreen.dir/home/rmh6127/pico/pico-sdk/lib/tinyusb/src/class/cdc/cdc_device.c.o
 .bss._ctrl_xfer
                0x000000002000173c       0x14 CMakeFiles/touchscreen.dir/home/rmh6127/pico/pico-sdk/lib/tinyusb/src/device/usbd_control.c.o
 .bss._ubsd_mutexdef
                0x0000000020001750        0x8 CMakeFiles/touchscreen.dir/home/rmh6127/pico/pico-sdk/lib/tinyusb/src/device/usbd.c.o
 .bss._usbd_ctrl_buf
                0x0000000020001758       0x40 CMakeFiles/touchscreen.dir/home/rmh6127/pico/pico-sdk/lib/tinyusb/src/device/usbd_control.c.o
 .bss._usbd_dev
                0x0000000020001798       0x54 CMakeFiles/touchscreen.dir/home/rmh6127/pico/pico-sdk/lib/tinyusb/src/device/usbd.c.o
 .bss._usbd_mutex
                0x00000000200017ec        0x4 CMakeFiles/touchscreen.dir/home/rmh6127/pico/pico-sdk/lib/tinyusb/src/device/usbd.c.o
 .bss._usbd_q   0x00000000200017f0        0x4 CMakeFiles/touchscreen.dir/home/rmh6127/pico/pico-sdk/lib/tinyusb/src/device/usbd.c.o
 .bss._usbd_qdef_buf
                0x00000000200017f4       0xc0 CMakeFiles/touchscreen.dir/home/rmh6127/pico/pico-sdk/lib/tinyusb/src/device/usbd.c.o
                0x00000000200017f4                _usbd_qdef_buf
 .bss._vendord_itf
                0x00000000200018b4      0x2cc CMakeFiles/touchscreen.dir/home/rmh6127/pico/pico-sdk/lib/tinyusb/src/class/vendor/vendor_device.c.o
 .bss.boot2_copyout
                0x0000000020001b80      0x100 CMakeFiles/touchscreen.dir/home/rmh6127/pico/pico-sdk/src/rp2_common/hardware_flash/flash.c.o
 .bss.chars_available_callback
                0x0000000020001c80        0x4 CMakeFiles/touchscreen.dir/home/rmh6127/pico/pico-sdk/src/rp2_common/pico_stdio_usb/stdio_usb.c.o
 .bss.chars_available_param
                0x0000000020001c84        0x4 CMakeFiles/touchscreen.dir/home/rmh6127/pico/pico-sdk/src/rp2_common/pico_stdio_usb/stdio_usb.c.o
 .bss.claimed   0x0000000020001c88        0x4 CMakeFiles/touchscreen.dir/home/rmh6127/pico/pico-sdk/src/rp2_common/hardware_sync/sync.c.o
 .bss.claimed   0x0000000020001c8c        0x1 CMakeFiles/touchscreen.dir/home/rmh6127/pico/pico-sdk/src/rp2_common/hardware_timer/timer.c.o
 *fill*         0x0000000020001c8d        0x3 
 .bss.configured_freq
                0x0000000020001c90       0x28 CMakeFiles/touchscreen.dir/home/rmh6127/pico/pico-sdk/src/rp2_common/hardware_clocks/clocks.c.o
 .bss.desc_str.0
                0x0000000020001cb8       0x28 CMakeFiles/touchscreen.dir/home/rmh6127/pico/pico-sdk/src/rp2_common/pico_stdio_usb/stdio_usb_descriptors.c.o
 .bss.drivers   0x0000000020001ce0        0x4 CMakeFiles/touchscreen.dir/home/rmh6127/pico/pico-sdk/src/rp2_common/pico_stdio/stdio.c.o
 .bss.e15_last_sof
                0x0000000020001ce4        0x4 CMakeFiles/touchscreen.dir/home/rmh6127/pico/pico-sdk/lib/tinyusb/src/portable/raspberrypi/rp2040/rp2040_usb.c.o
                0x0000000020001ce4                e15_last_sof
 .bss.filter    0x0000000020001ce8        0x4 CMakeFiles/touchscreen.dir/home/rmh6127/pico/pico-sdk/src/rp2_common/pico_stdio/stdio.c.o
 .bss.hw_endpoints
                0x0000000020001cec      0x400 CMakeFiles/touchscreen.dir/home/rmh6127/pico/pico-sdk/lib/tinyusb/src/portable/raspberrypi/rp2040/dcd_rp2040.c.o
 .bss.lazy_vsnprintf
                0x00000000200020ec        0x4 CMakeFiles/touchscreen.dir/home/rmh6127/pico/pico-sdk/src/rp2_common/pico_printf/printf.c.o
 .bss.load_value
                0x00000000200020f0        0x4 CMakeFiles/touchscreen.dir/home/rmh6127/pico/pico-sdk/src/rp2_common/hardware_watchdog/watchdog.c.o
 .bss.next_buffer_ptr
                0x00000000200020f4        0x4 CMakeFiles/touchscreen.dir/home/rmh6127/pico/pico-sdk/lib/tinyusb/src/portable/raspberrypi/rp2040/dcd_rp2040.c.o
 .bss.one_shot_timer_crit_sec
                0x00000000200020f8        0x8 CMakeFiles/touchscreen.dir/home/rmh6127/pico/pico-sdk/src/rp2_common/pico_stdio_usb/stdio_usb.c.o
 .bss.pools     0x0000000020002100       0x10 CMakeFiles/touchscreen.dir/home/rmh6127/pico/pico-sdk/src/common/pico_time/time.c.o
 .bss.retrieved_id
                0x0000000020002110        0x8 CMakeFiles/touchscreen.dir/home/rmh6127/pico/pico-sdk/src/rp2_common/pico_unique_id/unique_id.c.o
 .bss.sf_clz_func
                0x0000000020002118        0x4 CMakeFiles/touchscreen.dir/home/rmh6127/pico/pico-sdk/src/rp2_common/pico_double/double_init_rom_rp2040.c.o
                0x0000000020002118                sf_clz_func
 .bss.sleep_notifier
                0x000000002000211c        0x4 CMakeFiles/touchscreen.dir/home/rmh6127/pico/pico-sdk/src/common/pico_time/time.c.o
 .bss.stdio_usb_mutex
                0x0000000020002120        0x8 CMakeFiles/touchscreen.dir/home/rmh6127/pico/pico-sdk/src/rp2_common/pico_stdio_usb/stdio_usb.c.o
 .bss.usbd_serial_str
                0x0000000020002128       0x11 CMakeFiles/touchscreen.dir/home/rmh6127/pico/pico-sdk/src/rp2_common/pico_stdio_usb/stdio_usb_descriptors.c.o
 .bss._app_driver_count
                0x0000000020002139        0x1 CMakeFiles/touchscreen.dir/home/rmh6127/pico/pico-sdk/lib/tinyusb/src/device/usbd.c.o
 .bss._sof_enable
                0x000000002000213a        0x1 CMakeFiles/touchscreen.dir/home/rmh6127/pico/pico-sdk/lib/tinyusb/src/portable/raspberrypi/rp2040/dcd_rp2040.c.o
 .bss._usbd_queued_setup
                0x000000002000213b        0x1 CMakeFiles/touchscreen.dir/home/rmh6127/pico/pico-sdk/lib/tinyusb/src/device/usbd.c.o
 .bss.boot2_copyout_valid
                0x000000002000213c        0x1 CMakeFiles/touchscreen.dir/home/rmh6127/pico/pico-sdk/src/rp2_common/hardware_flash/flash.c.o
 .bss.irq_handler_chain_free_slot_head
                0x000000002000213d        0x1 CMakeFiles/touchscreen.dir/home/rmh6127/pico/pico-sdk/src/rp2_common/hardware_irq/irq.c.o
 .bss.itf_num   0x000000002000213e        0x1 CMakeFiles/touchscreen.dir/home/rmh6127/pico/pico-sdk/src/rp2_common/pico_stdio_usb/reset_interface.c.o
 .bss.low_priority_irq_num
                0x000000002000213f        0x1 CMakeFiles/touchscreen.dir/home/rmh6127/pico/pico-sdk/src/rp2_common/pico_stdio_usb/stdio_usb.c.o
 .bss.one_shot_timer_pending
                0x0000000020002140        0x1 CMakeFiles/touchscreen.dir/home/rmh6127/pico/pico-sdk/src/rp2_common/pico_stdio_usb/stdio_usb.c.o
 .bss.user_irq_claimed
                0x0000000020002141        0x1 CMakeFiles/touchscreen.dir/home/rmh6127/pico/pico-sdk/src/rp2_common/hardware_irq/irq.c.o
 *(COMMON)
                0x0000000020002144                . = ALIGN (0x4)
 *fill*         0x0000000020002142        0x2 
                0x0000000020002144                __bss_end__ = .

.heap           0x0000000020002144      0x800 load address 0x0000000010008460
                0x0000000020002144                __end__ = .
                0x0000000020002144                end = __end__
 *(.heap*)
 .heap          0x0000000020002144      0x800 CMakeFiles/touchscreen.dir/home/rmh6127/pico/pico-sdk/src/rp2_common/pico_crt0/crt0.S.o
                0x0000000020040000                __HeapLimit = (ORIGIN (RAM) + LENGTH (RAM))

.scratch_x      0x0000000020040000        0x0 load address 0x0000000010008460
                0x0000000020040000                __scratch_x_start__ = .
 *(.scratch_x.*)
                0x0000000020040000                . = ALIGN (0x4)
                0x0000000020040000                __scratch_x_end__ = .
                0x0000000010008460                __scratch_x_source__ = LOADADDR (.scratch_x)

.scratch_y      0x0000000020041000        0x0 load address 0x0000000010008460
                0x0000000020041000                __scratch_y_start__ = .
 *(.scratch_y.*)
                0x0000000020041000                . = ALIGN (0x4)
                0x0000000020041000                __scratch_y_end__ = .
                0x0000000010008460                __scratch_y_source__ = LOADADDR (.scratch_y)

.stack1_dummy   0x0000000020040000        0x0
 *(.stack1*)

.stack_dummy    0x0000000020041000      0x800
 *(.stack*)
 .stack         0x0000000020041000      0x800 CMakeFiles/touchscreen.dir/home/rmh6127/pico/pico-sdk/src/rp2_common/pico_crt0/crt0.S.o

.flash_end      0x0000000010008460        0x0
 *(.embedded_end_block*)
                0x0000000010008460                PROVIDE (__flash_binary_end = .)
                0x0000000020040000                __StackLimit = (ORIGIN (RAM) + LENGTH (RAM))
                0x0000000020041000                __StackOneTop = (ORIGIN (SCRATCH_X) + LENGTH (SCRATCH_X))
                0x0000000020042000                __StackTop = (ORIGIN (SCRATCH_Y) + LENGTH (SCRATCH_Y))
                0x0000000020041000                __StackOneBottom = (__StackOneTop - SIZEOF (.stack1_dummy))
                0x0000000020041800                __StackBottom = (__StackTop - SIZEOF (.stack_dummy))
                0x0000000020042000                PROVIDE (__stack = __StackTop)
                [!provide]                        PROVIDE (__heap_start = __end__)
                [!provide]                        PROVIDE (__heap_end = __HeapLimit)
                [!provide]                        PROVIDE (__tls_align = MAX (ALIGNOF (.tdata), ALIGNOF (.tbss)))
                [!provide]                        PROVIDE (__tls_size_align = (((__tls_size + __tls_align) - 0x1) & ~ ((__tls_align - 0x1))))
                [!provide]                        PROVIDE (__arm32_tls_tcb_offset = MAX (0x8, __tls_align))
                [!provide]                        PROVIDE (_end = __end__)
                [!provide]                        PROVIDE (__llvm_libc_heap_limit = __HeapLimit)
                0x0000000000000001                ASSERT ((__StackLimit >= __HeapLimit), region RAM overflowed)
                0x0000000000000001                ASSERT (((__binary_info_header_end - __logical_binary_start) <= 0x100), Binary info must be in first 256 bytes of the binary)
LOAD CMakeFiles/touchscreen.dir/main.c.o
LOAD CMakeFiles/touchscreen.dir/home/rmh6127/pico/pico-sdk/src/rp2_common/pico_stdlib/stdlib.c.o
LOAD CMakeFiles/touchscreen.dir/home/rmh6127/pico/pico-sdk/src/rp2_common/hardware_gpio/gpio.c.o
LOAD CMakeFiles/touchscreen.dir/home/rmh6127/pico/pico-sdk/src/rp2040/pico_platform/platform.c.o
LOAD CMakeFiles/touchscreen.dir/home/rmh6127/pico/pico-sdk/src/rp2_common/pico_platform_panic/panic.c.o